Link map of __startup
  1] __startup (func,global) found in MPC5604C_Startup_c.obj 
   2] __start (func,global) found in librt_E200z0_VLE_Soft.a D:\w\EPPC\workspace_codegen\ewl\EWL_Runtime\Runtime_PA_CmdLineData\librt_E200z0_VLE_Soft\obj\__start.o
    3] __init_registers (func,weak) found in librt_E200z0_VLE_Soft.a D:\w\EPPC\workspace_codegen\ewl\EWL_Runtime\Runtime_PA_CmdLineData\librt_E200z0_VLE_Soft\obj\__start.o
     4] _stack_addr found as linker generated symbol
     4] _SDA2_BASE_ found as linker generated symbol
     4] _SDA_BASE_ found as linker generated symbol
    3] __init_hardware (func,global) found in __ppc_eabi_init_c.obj 
     4] usr_init (func,global) found in MPC5604C_init_flash_c.obj 
      5] INIT_Derivative (func,global) found in MPC5604C_HWInit_c.obj 
       6] L2SRAM_LOCATION found as linker generated symbol
       6] L2SRAM_CNT found as linker generated symbol
      5] EXCEP_InitExceptionHandlers (func,global) found in Exceptions_c.obj 
       6] EXCEPTION_HANDLERS found as linker generated symbol
      5] INTC_InitINTCInterrupts (func,global) found in IntcInterrupts_c.obj 
       6] INTCInterruptsHandlerTable (object,global) found in IntcInterrupts_c.obj 
    3] __init_data (func,weak) found in librt_E200z0_VLE_Soft.a D:\w\EPPC\workspace_codegen\ewl\EWL_Runtime\Runtime_PA_CmdLineData\librt_E200z0_VLE_Soft\obj\__start.o
     4] _rom_copy_info (object,global) found in Linker Generated Symbol File 
     4] __copy_rom_section (func,global) found in librt_E200z0_VLE_Soft.a D:\w\EPPC\workspace_codegen\ewl\EWL_Runtime\Runtime_PA_CmdLineData\librt_E200z0_VLE_Soft\obj\__start.o
      5] memcpy (func,global) found in librt_E200z0_VLE_Soft.a D:\w\EPPC\workspace_codegen\ewl\EWL_Runtime\Runtime_PA_CmdLineData\librt_E200z0_VLE_Soft\obj\__mem.o
      5] __flush_cache (func,global) found in __ppc_eabi_init_c.obj 
     4] _bss_init_info (object,global) found in Linker Generated Symbol File 
     4] __init_bss_section (func,global) found in librt_E200z0_VLE_Soft.a D:\w\EPPC\workspace_codegen\ewl\EWL_Runtime\Runtime_PA_CmdLineData\librt_E200z0_VLE_Soft\obj\__start.o
      5] memset (func,global) found in librt_E200z0_VLE_Soft.a D:\w\EPPC\workspace_codegen\ewl\EWL_Runtime\Runtime_PA_CmdLineData\librt_E200z0_VLE_Soft\obj\__mem.o
       6] __fill_mem (func,global) found in librt_E200z0_VLE_Soft.a D:\w\EPPC\workspace_codegen\ewl\EWL_Runtime\Runtime_PA_CmdLineData\librt_E200z0_VLE_Soft\obj\__mem.o
    3] __init_user (func,global) found in __ppc_eabi_init_c.obj 
     4] FlashConfig (func,global) found in __ppc_eabi_init_c.obj 
      5] @22 (object,local) found in __ppc_eabi_init_c.obj 
    3] main (func,global) found in main_c.obj 
     4] state (object,global) found in blue tooth_c.obj 
     4] BT_active (object,global) found in ssw_c.obj 
     4] Press_Flag (object,global) found in main_c.obj 
     4] disableWatchdog (func,global) found in disableWatchdog_c.obj 
     4] initModesAndClock (func,global) found in initModesAndClock_c.obj 
     4] initPWM (func,global) found in initPWM_c.obj 
     4] initADC (func,global) found in initAdc_c.obj 
     4] initPress (func,global) found in initPress_c.obj 
     4] initLINFlex_0_UART (func,global) found in blue tooth_c.obj 
     4] LINFlex0_init (func,global) found in blue tooth_c.obj 
     4] initOLED (func,global) found in initOLED_c.obj 
     4] OLED_Init (func,global) found in oled_c.obj 
      5] delay_ms (func,global) found in oled_c.obj 
      5] OLED_WR_Byte (func,global) found in oled_c.obj 
      5] OLED_Clear (func,global) found in oled_c.obj 
      5] OLED_Set_Pos (func,global) found in oled_c.obj 
     4] initSteer (func,global) found in initsteer_c.obj 
     4] initCounter (func,global) found in counter_c.obj 
     4] initSSW (func,global) found in ssw_c.obj 
     4] initPIT (func,global) found in interrupt_c.obj 
      5] Check (func,global) found in control_c.obj 
       6] SpeedControl_Flag (object,global) found in main_c.obj 
       6] DirectionControl_Flag (object,global) found in main_c.obj 
       6] EventCount (object,global) found in control_c.obj 
       6] start (object,global) found in distance_c.obj 
       6] auto_restart_time (object,global) found in control_c.obj 
       6] BlueTooth_Flag (object,global) found in main_c.obj 
       6] ADC_Flag (object,global) found in main_c.obj 
       6] AD_Read (func,global) found in distance_c.obj 
        7] AD_Bekommen (func,global) found in ADC_c.obj 
         8] _f_utof (func,global) found in librt_E200z0_VLE_Soft.a E:\CW_Dev\eppc_support\Do_Not_Distribute\zen_fpemu\Src\vle_ppcsfpe.o
          9] f_itof_common_with_proloque (notype,local) found in librt_E200z0_VLE_Soft.a E:\CW_Dev\eppc_support\Do_Not_Distribute\zen_fpemu\Src\vle_ppcsfpe.o
           10] _f_itof (func,global) found in librt_E200z0_VLE_Soft.a E:\CW_Dev\eppc_support\Do_Not_Distribute\zen_fpemu\Src\vle_ppcsfpe.o
            11] proloque (func,local) found in librt_E200z0_VLE_Soft.a E:\CW_Dev\eppc_support\Do_Not_Distribute\zen_fpemu\Src\vle_ppcsfpe.o
            11] epiloque (notype,local) found in librt_E200z0_VLE_Soft.a E:\CW_Dev\eppc_support\Do_Not_Distribute\zen_fpemu\Src\vle_ppcsfpe.o
            11] f_coerce_result (notype,local) found in librt_E200z0_VLE_Soft.a E:\CW_Dev\eppc_support\Do_Not_Distribute\zen_fpemu\Src\vle_ppcsfpe.o
             12] _f_mul (func,global) found in librt_E200z0_VLE_Soft.a E:\CW_Dev\eppc_support\Do_Not_Distribute\zen_fpemu\Src\vle_ppcsfpe.o
              13] f_unpack_2 (notype,local) found in librt_E200z0_VLE_Soft.a E:\CW_Dev\eppc_support\Do_Not_Distribute\zen_fpemu\Src\vle_ppcsfpe.o
               14] f_unpack_1 (func,local) found in librt_E200z0_VLE_Soft.a E:\CW_Dev\eppc_support\Do_Not_Distribute\zen_fpemu\Src\vle_ppcsfpe.o
              13] load_rounding_cr_simple (notype,local) found in librt_E200z0_VLE_Soft.a E:\CW_Dev\eppc_support\Do_Not_Distribute\zen_fpemu\Src\vle_ppcsfpe.o
               14] load_rounding_0x2000 (func,local) found in librt_E200z0_VLE_Soft.a E:\CW_Dev\eppc_support\Do_Not_Distribute\zen_fpemu\Src\vle_ppcsfpe.o
                15] __SoftFPSCR (object,local) found in librt_E200z0_VLE_Soft.a E:\CW_Dev\eppc_support\Do_Not_Distribute\zen_fpemu\Src\vle_ppcsfpe.o
              13] load_rounding_0x0200 (notype,local) found in librt_E200z0_VLE_Soft.a E:\CW_Dev\eppc_support\Do_Not_Distribute\zen_fpemu\Src\vle_ppcsfpe.o
              13] load_rounding_0x0a00 (notype,local) found in librt_E200z0_VLE_Soft.a E:\CW_Dev\eppc_support\Do_Not_Distribute\zen_fpemu\Src\vle_ppcsfpe.o
              13] load_rounding_0x1200 (notype,local) found in librt_E200z0_VLE_Soft.a E:\CW_Dev\eppc_support\Do_Not_Distribute\zen_fpemu\Src\vle_ppcsfpe.o
         8] L5 (object,global) found in ADC_c.obj 
         8] L6 (object,global) found in ADC_c.obj 
         8] L1 (object,global) found in ADC_c.obj 
         8] L4 (object,global) found in ADC_c.obj 
         8] L3 (object,global) found in ADC_c.obj 
         8] L2 (object,global) found in ADC_c.obj 
         8] L7 (object,global) found in ADC_c.obj 
         8] L8 (object,global) found in ADC_c.obj 
        7] L (object,global) found in distance_c.obj 
       6] x_bekommen (func,global) found in distance_c.obj 
        7] l (object,global) found in distance_c.obj 
        7] max (object,global) found in distance_c.obj 
        7] x (object,global) found in distance_c.obj 
        7] circle_flag (object,global) found in distance_c.obj 
        7] fir (object,global) found in distance_c.obj 
        7] _f_add (func,global) found in librt_E200z0_VLE_Soft.a E:\CW_Dev\eppc_support\Do_Not_Distribute\zen_fpemu\Src\vle_ppcsfpe.o
         8] f_coerce_result_precalculated_data (notype,local) found in librt_E200z0_VLE_Soft.a E:\CW_Dev\eppc_support\Do_Not_Distribute\zen_fpemu\Src\vle_ppcsfpe.o
         8] f_result_is_x (notype,local) found in librt_E200z0_VLE_Soft.a E:\CW_Dev\eppc_support\Do_Not_Distribute\zen_fpemu\Src\vle_ppcsfpe.o
         8] f_y_is_NaN (notype,local) found in librt_E200z0_VLE_Soft.a E:\CW_Dev\eppc_support\Do_Not_Distribute\zen_fpemu\Src\vle_ppcsfpe.o
         8] f_both_NaNs (notype,local) found in librt_E200z0_VLE_Soft.a E:\CW_Dev\eppc_support\Do_Not_Distribute\zen_fpemu\Src\vle_ppcsfpe.o
         8] f_x_is_NaN (notype,local) found in librt_E200z0_VLE_Soft.a E:\CW_Dev\eppc_support\Do_Not_Distribute\zen_fpemu\Src\vle_ppcsfpe.o
         8] f_result_is_Invalid (notype,local) found in librt_E200z0_VLE_Soft.a E:\CW_Dev\eppc_support\Do_Not_Distribute\zen_fpemu\Src\vle_ppcsfpe.o
        7] _f_flt (func,global) found in librt_E200z0_VLE_Soft.a E:\CW_Dev\eppc_support\Do_Not_Distribute\zen_fpemu\Src\vle_ppcsfpe.o
         8] f_compare (notype,local) found in librt_E200z0_VLE_Soft.a E:\CW_Dev\eppc_support\Do_Not_Distribute\zen_fpemu\Src\vle_ppcsfpe.o
          9] _f_for (func,global) found in librt_E200z0_VLE_Soft.a E:\CW_Dev\eppc_support\Do_Not_Distribute\zen_fpemu\Src\vle_ppcsfpe.o
           10] compare_dispatch (notype,local) found in librt_E200z0_VLE_Soft.a E:\CW_Dev\eppc_support\Do_Not_Distribute\zen_fpemu\Src\vle_ppcsfpe.o
            11] _d_for (func,global) found in librt_E200z0_VLE_Soft.a E:\CW_Dev\eppc_support\Do_Not_Distribute\zen_fpemu\Src\vle_ppcsfpe.o
           10] f_compare_un (notype,local) found in librt_E200z0_VLE_Soft.a E:\CW_Dev\eppc_support\Do_Not_Distribute\zen_fpemu\Src\vle_ppcsfpe.o
        7] aus_flag (object,global) found in distance_c.obj 
        7] Ausflag (object,global) found in distance_c.obj 
        7] _f_fgt (func,global) found in librt_E200z0_VLE_Soft.a E:\CW_Dev\eppc_support\Do_Not_Distribute\zen_fpemu\Src\vle_ppcsfpe.o
        7] _f_div (func,global) found in librt_E200z0_VLE_Soft.a E:\CW_Dev\eppc_support\Do_Not_Distribute\zen_fpemu\Src\vle_ppcsfpe.o
         8] divu_l_r3_r4_r5 (func,local) found in librt_E200z0_VLE_Soft.a E:\CW_Dev\eppc_support\Do_Not_Distribute\zen_fpemu\Src\vle_ppcsfpe.o
         8] f_result_is_zero (notype,local) found in librt_E200z0_VLE_Soft.a E:\CW_Dev\eppc_support\Do_Not_Distribute\zen_fpemu\Src\vle_ppcsfpe.o
         8] f_result_is_INF (notype,local) found in librt_E200z0_VLE_Soft.a E:\CW_Dev\eppc_support\Do_Not_Distribute\zen_fpemu\Src\vle_ppcsfpe.o
         8] load_rounding_cr (notype,local) found in librt_E200z0_VLE_Soft.a E:\CW_Dev\eppc_support\Do_Not_Distribute\zen_fpemu\Src\vle_ppcsfpe.o
        7] _f_sub (func,global) found in librt_E200z0_VLE_Soft.a E:\CW_Dev\eppc_support\Do_Not_Distribute\zen_fpemu\Src\vle_ppcsfpe.o
         8] f_add_common (notype,local) found in librt_E200z0_VLE_Soft.a E:\CW_Dev\eppc_support\Do_Not_Distribute\zen_fpemu\Src\vle_ppcsfpe.o
        7] _f_ftoi (func,global) found in librt_E200z0_VLE_Soft.a E:\CW_Dev\eppc_support\Do_Not_Distribute\zen_fpemu\Src\vle_ppcsfpe.o
         8] Xtolong_common (notype,local) found in librt_E200z0_VLE_Soft.a E:\CW_Dev\eppc_support\Do_Not_Distribute\zen_fpemu\Src\vle_ppcsfpe.o
          9] _d_dtoi (func,global) found in librt_E200z0_VLE_Soft.a E:\CW_Dev\eppc_support\Do_Not_Distribute\zen_fpemu\Src\vle_ppcsfpe.o
           10] d_unpack_1 (func,local) found in librt_E200z0_VLE_Soft.a E:\CW_Dev\eppc_support\Do_Not_Distribute\zen_fpemu\Src\vle_ppcsfpe.o
           10] Xtoshort_common (notype,local) found in librt_E200z0_VLE_Soft.a E:\CW_Dev\eppc_support\Do_Not_Distribute\zen_fpemu\Src\vle_ppcsfpe.o
        7] _f_ftod (func,global) found in librt_E200z0_VLE_Soft.a E:\CW_Dev\eppc_support\Do_Not_Distribute\zen_fpemu\Src\vle_ppcsfpe.o
         8] d_coerce_result (notype,local) found in librt_E200z0_VLE_Soft.a E:\CW_Dev\eppc_support\Do_Not_Distribute\zen_fpemu\Src\vle_ppcsfpe.o
          9] _d_mul (func,global) found in librt_E200z0_VLE_Soft.a E:\CW_Dev\eppc_support\Do_Not_Distribute\zen_fpemu\Src\vle_ppcsfpe.o
           10] d_unpack_2 (notype,local) found in librt_E200z0_VLE_Soft.a E:\CW_Dev\eppc_support\Do_Not_Distribute\zen_fpemu\Src\vle_ppcsfpe.o
           10] d_double_result_and_exit (notype,local) found in librt_E200z0_VLE_Soft.a E:\CW_Dev\eppc_support\Do_Not_Distribute\zen_fpemu\Src\vle_ppcsfpe.o
         8] d_result_is_zero (notype,local) found in librt_E200z0_VLE_Soft.a E:\CW_Dev\eppc_support\Do_Not_Distribute\zen_fpemu\Src\vle_ppcsfpe.o
         8] d_result_is_INF (notype,local) found in librt_E200z0_VLE_Soft.a E:\CW_Dev\eppc_support\Do_Not_Distribute\zen_fpemu\Src\vle_ppcsfpe.o
         8] d_result_is_Invalid (notype,local) found in librt_E200z0_VLE_Soft.a E:\CW_Dev\eppc_support\Do_Not_Distribute\zen_fpemu\Src\vle_ppcsfpe.o
        7] _d_div (func,global) found in librt_E200z0_VLE_Soft.a E:\CW_Dev\eppc_support\Do_Not_Distribute\zen_fpemu\Src\vle_ppcsfpe.o
         8] d_coerce_result_prepare (notype,local) found in librt_E200z0_VLE_Soft.a E:\CW_Dev\eppc_support\Do_Not_Distribute\zen_fpemu\Src\vle_ppcsfpe.o
         8] d_x_is_NaN (notype,local) found in librt_E200z0_VLE_Soft.a E:\CW_Dev\eppc_support\Do_Not_Distribute\zen_fpemu\Src\vle_ppcsfpe.o
         8] d_y_is_NaN (notype,local) found in librt_E200z0_VLE_Soft.a E:\CW_Dev\eppc_support\Do_Not_Distribute\zen_fpemu\Src\vle_ppcsfpe.o
         8] d_both_NaNs (notype,local) found in librt_E200z0_VLE_Soft.a E:\CW_Dev\eppc_support\Do_Not_Distribute\zen_fpemu\Src\vle_ppcsfpe.o
        7] _d_itod (func,global) found in librt_E200z0_VLE_Soft.a E:\CW_Dev\eppc_support\Do_Not_Distribute\zen_fpemu\Src\vle_ppcsfpe.o
         8] d_Xtod_common (notype,local) found in librt_E200z0_VLE_Soft.a E:\CW_Dev\eppc_support\Do_Not_Distribute\zen_fpemu\Src\vle_ppcsfpe.o
          9] _d_lltod (func,global) found in librt_E200z0_VLE_Soft.a E:\CW_Dev\eppc_support\Do_Not_Distribute\zen_fpemu\Src\vle_ppcsfpe.o
        7] _d_add (func,global) found in librt_E200z0_VLE_Soft.a E:\CW_Dev\eppc_support\Do_Not_Distribute\zen_fpemu\Src\vle_ppcsfpe.o
         8] d_coerce_result_precalculated_data (notype,local) found in librt_E200z0_VLE_Soft.a E:\CW_Dev\eppc_support\Do_Not_Distribute\zen_fpemu\Src\vle_ppcsfpe.o
         8] d_result_is_x (notype,local) found in librt_E200z0_VLE_Soft.a E:\CW_Dev\eppc_support\Do_Not_Distribute\zen_fpemu\Src\vle_ppcsfpe.o
         8] d_result_is_number_x (notype,local) found in librt_E200z0_VLE_Soft.a E:\CW_Dev\eppc_support\Do_Not_Distribute\zen_fpemu\Src\vle_ppcsfpe.o
        7] _d_sub (func,global) found in librt_E200z0_VLE_Soft.a E:\CW_Dev\eppc_support\Do_Not_Distribute\zen_fpemu\Src\vle_ppcsfpe.o
         8] d_add_common (notype,local) found in librt_E200z0_VLE_Soft.a E:\CW_Dev\eppc_support\Do_Not_Distribute\zen_fpemu\Src\vle_ppcsfpe.o
        7] x_save (object,global) found in distance_c.obj 
        7] X (object,global) found in distance_c.obj 
        7] Circle_L_Set_Down (object,global) found in distance_c.obj 
        7] Circle_L_Set_Up (object,global) found in distance_c.obj 
        7] stop_active (object,global) found in distance_c.obj 
        7] auscircle_flag (object,global) found in distance_c.obj 
        7] stop (object,global) found in distance_c.obj 
       6] time (object,global) found in control_c.obj 
       6] Adjust_circle (object,global) found in control_c.obj 
       6] stop_time (object,global) found in control_c.obj 
       6] DirectionController (func,global) found in control_c.obj 
        7] DirectionControl (object,global) found in control_c.obj 
        7] ud (object,global) found in control_c.obj 
        7] Set_Steer_Dead (object,global) found in control_c.obj 
        7] PWM_Idle (object,global) found in control_c.obj 
        7] SpeedSet (object,global) found in control_c.obj 
        7] get_kp (func,global) found in distance_c.obj 
         8] p_5 (object,global) found in control_c.obj 
         8] A_P_DIRECTION (object,global) found in control_c.obj 
         8] A_D_DIRECTION (object,global) found in control_c.obj 
         8] p_10 (object,global) found in control_c.obj 
         8] p_15 (object,global) found in control_c.obj 
         8] d_5 (object,global) found in control_c.obj 
         8] PWM_Set (object,global) found in control_c.obj 
         8] _d_dtof (notype,global) found in librt_E200z0_VLE_Soft.a E:\CW_Dev\eppc_support\Do_Not_Distribute\zen_fpemu\Src\vle_ppcsfpe.o
          9] _f_qtof (func,global) found in librt_E200z0_VLE_Soft.a E:\CW_Dev\eppc_support\Do_Not_Distribute\zen_fpemu\Src\vle_ppcsfpe.o
         8] d_10 (object,global) found in control_c.obj 
         8] PWM_10 (object,global) found in control_c.obj 
         8] d_15 (object,global) found in control_c.obj 
         8] PWM_15 (object,global) found in control_c.obj 
         8] p_20 (object,global) found in control_c.obj 
         8] d_20 (object,global) found in control_c.obj 
         8] PWM_20 (object,global) found in control_c.obj 
        7] ud_old (object,global) found in control_c.obj 
        7] d_a (object,global) found in control_c.obj 
        7] s (object,global) found in control_c.obj 
        7] K (object,global) found in control_c.obj 
       6] SetSteer (func,global) found in control_c.obj 
        7] steer_mid (object,global) found in control_c.obj 
       6] SpeedController (func,global) found in control_c.obj 
        7] Slowdown (object,global) found in ssw_c.obj 
        7] currentspeed (object,global) found in control_c.obj 
        7] SpeedControl (object,global) found in control_c.obj 
        7] time_delta (object,global) found in ssw_c.obj 
        7] SpeedBekommen (func,global) found in counter_c.obj 
         8] lastcount (object,global) found in counter_c.obj 
        7] DirBekommen (func,global) found in counter_c.obj 
        7] error (object,global) found in control_c.obj 
        7] I_S (object,global) found in control_c.obj 
        7] K_S (object,global) found in control_c.obj 
        7] D_S (object,global) found in control_c.obj 
       6] SetMotor (func,global) found in control_c.obj 
       6] SSW_Dis (func,global) found in ssw_c.obj 
        7] time2 (object,global) found in ssw_c.obj 
        7] time1 (object,global) found in ssw_c.obj 
        7] out_of_sight (object,global) found in ssw_c.obj 
        7] safe_distance (object,global) found in ssw_c.obj 
        7] time_delta_old (object,global) found in ssw_c.obj 
       6] HCI (func,global) found in HCI_c.obj 
        7] Itm (object,global) found in HCI_c.obj 
        7] Page (object,global) found in HCI_c.obj 
        7] Dis_Page1 (func,global) found in HCI_c.obj 
         8] OLED_ShowChar (func,global) found in oled_c.obj 
          9] F8X16 (object,global) found in oled_c.obj 
         8] dis_num (func,global) found in oled_c.obj 
          9] OLED_ShowNum (func,global) found in oled_c.obj 
           10] oled_pow (func,global) found in oled_c.obj 
        7] Dis_Page2 (func,global) found in HCI_c.obj 
        7] Dis_Page3 (func,global) found in HCI_c.obj 
        7] Dis_Page4 (func,global) found in HCI_c.obj 
      5] INTC_InstallINTCInterruptHandler (func,global) found in IntcInterrupts_c.obj 
     4] enableIrq (func,global) found in interrupt_c.obj 
     4] LINFlex_RX (func,global) found in blue tooth_c.obj 
    3] exit (func,global) found in libc_E200z0_VLE_Soft.a D:\w\EPPC\workspace_codegen\ewl\EWL_C\EWL_C.PA_CmdLineData\libc_E200z0_VLE_Soft\obj\abort_exit.o
    3] >>> UNREFERENCED DUPLICATE exit
    3] >>> (func,weak) found in __ppc_eabi_init_c.obj 
     4] __destroy_global_chain (func,global) found in librt_E200z0_VLE_Soft.a D:\w\EPPC\workspace_codegen\ewl\EWL_Runtime\Runtime_PA_CmdLineData\librt_E200z0_VLE_Soft\obj\global_destructor_chain.o
      5] __global_destructor_chain (object,global) found in librt_E200z0_VLE_Soft.a D:\w\EPPC\workspace_codegen\ewl\EWL_Runtime\Runtime_PA_CmdLineData\librt_E200z0_VLE_Soft\obj\global_destructor_chain.o
     4] __stdio_exit (object,global) found in libc_E200z0_VLE_Soft.a D:\w\EPPC\workspace_codegen\ewl\EWL_C\EWL_C.PA_CmdLineData\libc_E200z0_VLE_Soft\obj\abort_exit.o
     4] __console_exit (object,global) found in libc_E200z0_VLE_Soft.a D:\w\EPPC\workspace_codegen\ewl\EWL_C\EWL_C.PA_CmdLineData\libc_E200z0_VLE_Soft\obj\abort_exit.o
     4] _ExitProcess (func,weak) found in __ppc_eabi_init_c.obj 
     4] __restore_frame_and_exit (func,global) found in librt_E200z0_VLE_Soft.a D:\w\EPPC\workspace_codegen\ewl\EWL_Runtime\Runtime_PA_CmdLineData\librt_E200z0_VLE_Soft\obj\runtime.o
  1] bam_rchw (object,global) found in MPC5604C_init_flash_c.obj 
  1] bam_resetvector (object,global) found in MPC5604C_init_flash_c.obj 
  1] EXCEP_DefaultExceptionHandler (func,global) found in Exceptions_c.obj 
  1] INTC_INTCInterruptHandler (func,global) found in IntcInterrupts_c.obj 
  1] ivor_branch_table_p0 (func,global) found in ivor_branch_table_c.obj 
    3] .init (section,local) found in MPC5604C_init_flash_c.obj 
    3] .init.13 (notype,local) found in MPC5604C_init_flash_c.obj 
    3] .init (section,local) found in MPC5604C_Startup_c.obj 
    3] .init.21 (notype,local) found in MPC5604C_Startup_c.obj 
    3] .text (section,local) found in MPC5604C_HWInit_c.obj 
    3] .text.12 (notype,local) found in MPC5604C_HWInit_c.obj 
    3] .text (section,local) found in ssw_c.obj 
    3] .text.559 (notype,local) found in ssw_c.obj 
    3] .text (section,local) found in oled_c.obj 
    3] .text.799 (notype,local) found in oled_c.obj 
    3] .text (section,local) found in main_c.obj 
    3] .text.554 (notype,local) found in main_c.obj 
    3] .ivor_branch_table (section,local) found in ivor_branch_table_c.obj 
    3] .ivor_branch_table.24 (notype,local) found in ivor_branch_table_c.obj 
    3] .text (section,local) found in interrupt_c.obj 
    3] .text.544 (notype,local) found in interrupt_c.obj 
    3] .text (section,local) found in initsteer_c.obj 
    3] .text.540 (notype,local) found in initsteer_c.obj 
    3] .text (section,local) found in initPress_c.obj 
    3] .text.540 (notype,local) found in initPress_c.obj 
    3] .text (section,local) found in initPWM_c.obj 
    3] .text.540 (notype,local) found in initPWM_c.obj 
    3] .text (section,local) found in initOLED_c.obj 
    3] .text.540 (notype,local) found in initOLED_c.obj 
    3] .text (section,local) found in initModesAndClock_c.obj 
    3] .text.550 (notype,local) found in initModesAndClock_c.obj 
    3] .text (section,local) found in initAdc_c.obj 
    3] .text.540 (notype,local) found in initAdc_c.obj 
    3] .text (section,local) found in distance_c.obj 
    3] .text.635 (notype,local) found in distance_c.obj 
    3] .text (section,local) found in disableWatchdog_c.obj 
    3] .text.540 (notype,local) found in disableWatchdog_c.obj 
    3] .text (section,local) found in counter_c.obj 
    3] .text.554 (notype,local) found in counter_c.obj 
    3] .text (section,local) found in control_c.obj 
    3] .text.677 (notype,local) found in control_c.obj 
    3] .text (section,local) found in blue tooth_c.obj 
    3] .text.586 (notype,local) found in blue tooth_c.obj 
    3] .text (section,local) found in HCI_c.obj 
    3] .text.693 (notype,local) found in HCI_c.obj 
    3] .text (section,local) found in ADC_c.obj 
    3] .text.564 (notype,local) found in ADC_c.obj 
    3] .text (section,local) found in libc_E200z0_VLE_Soft.a D:\w\EPPC\workspace_codegen\ewl\EWL_C\EWL_C.PA_CmdLineData\libc_E200z0_VLE_Soft\obj\abort_exit.o
    3] .text.86 (notype,local) found in libc_E200z0_VLE_Soft.a D:\w\EPPC\workspace_codegen\ewl\EWL_C\EWL_C.PA_CmdLineData\libc_E200z0_VLE_Soft\obj\abort_exit.o
    3] .init (section,local) found in librt_E200z0_VLE_Soft.a D:\w\EPPC\workspace_codegen\ewl\EWL_Runtime\Runtime_PA_CmdLineData\librt_E200z0_VLE_Soft\obj\__start.o
    3] .init.104 (notype,local) found in librt_E200z0_VLE_Soft.a D:\w\EPPC\workspace_codegen\ewl\EWL_Runtime\Runtime_PA_CmdLineData\librt_E200z0_VLE_Soft\obj\__start.o
    3] .text (section,local) found in librt_E200z0_VLE_Soft.a D:\w\EPPC\workspace_codegen\ewl\EWL_Runtime\Runtime_PA_CmdLineData\librt_E200z0_VLE_Soft\obj\global_destructor_chain.o
    3] .text.104 (notype,local) found in librt_E200z0_VLE_Soft.a D:\w\EPPC\workspace_codegen\ewl\EWL_Runtime\Runtime_PA_CmdLineData\librt_E200z0_VLE_Soft\obj\global_destructor_chain.o
    3] .text (section,local) found in librt_E200z0_VLE_Soft.a D:\w\EPPC\workspace_codegen\ewl\EWL_Runtime\Runtime_PA_CmdLineData\librt_E200z0_VLE_Soft\obj\runtime.o
    3] .text.205 (notype,local) found in librt_E200z0_VLE_Soft.a D:\w\EPPC\workspace_codegen\ewl\EWL_Runtime\Runtime_PA_CmdLineData\librt_E200z0_VLE_Soft\obj\runtime.o


.__bam_bootarea section layout
  Starting        Virtual  File
  address  Size   address  offset
  ---------------------------------
  00000000 000008 00000000 000002e0  1 .__bam_bootarea 	MPC5604C_init_flash_c.obj 
  00000000 000004 00000000 000002e0  4 bam_rchw 	MPC5604C_init_flash_c.obj 
  00000004 000004 00000004 000002e4  4 bam_resetvector 	MPC5604C_init_flash_c.obj 


.init section layout
  Starting        Virtual  File
  address  Size   address  offset
  ---------------------------------
  00000000 000098 00000008 000002e8  1 .init 	Linker Generated Symbol File 
  00000000 000078 00000008 000002e8  4 _rom_copy_info 	Linker Generated Symbol File 
  00000078 000020 00000080 00000360  4 _bss_init_info 	Linker Generated Symbol File 


.init_vle section layout
  Starting        Virtual  File
  address  Size   address  offset
  ---------------------------------
  00000000 00002c 000000a0 00000380  1 .init 	__ppc_eabi_init_c.obj 
  00000000 00000a 000000a0 00000380  2 __init_hardware 	__ppc_eabi_init_c.obj 
  0000000a 000022 000000aa 0000038a  2 __flush_cache 	__ppc_eabi_init_c.obj 
  0000002c 000012 000000cc 000003ac  1 .init 	MPC5604C_init_flash_c.obj 
  0000002c 000012 000000cc 000003ac  2 usr_init 	MPC5604C_init_flash_c.obj 
  0000003e 000000 000000de 000003be  1 .init.13 	MPC5604C_init_flash_c.obj 
  0000003e 000002 000000e0 000003c0  4 *fill*
  00000040 000004 000000e0 000003c0  1 .init 	MPC5604C_Startup_c.obj 
  00000040 000004 000000e0 000003c0  4 __startup 	MPC5604C_Startup_c.obj 
  00000044 000000 000000e4 000003c4  1 .init.21 	MPC5604C_Startup_c.obj 
  00000044 0000f4 000000e4 000003c4  1 .init 	librt_E200z0_VLE_Soft.a D:\w\EPPC\workspace_codegen\ewl\EWL_Runtime\Runtime_PA_CmdLineData\librt_E200z0_VLE_Soft\obj\__start.o
  00000044 000048 000000e4 000003c4  2 __start 	librt_E200z0_VLE_Soft.a D:\w\EPPC\workspace_codegen\ewl\EWL_Runtime\Runtime_PA_CmdLineData\librt_E200z0_VLE_Soft\obj\__start.o
  0000008c 000030 0000012c 0000040c  2 __copy_rom_section 	librt_E200z0_VLE_Soft.a D:\w\EPPC\workspace_codegen\ewl\EWL_Runtime\Runtime_PA_CmdLineData\librt_E200z0_VLE_Soft\obj\__start.o
  000000bc 00000e 0000015c 0000043c  2 __init_bss_section 	librt_E200z0_VLE_Soft.a D:\w\EPPC\workspace_codegen\ewl\EWL_Runtime\Runtime_PA_CmdLineData\librt_E200z0_VLE_Soft\obj\__start.o
  000000ca 00001a 0000016a 0000044a  2 __init_registers 	librt_E200z0_VLE_Soft.a D:\w\EPPC\workspace_codegen\ewl\EWL_Runtime\Runtime_PA_CmdLineData\librt_E200z0_VLE_Soft\obj\__start.o
  000000e4 000054 00000184 00000464  2 __init_data 	librt_E200z0_VLE_Soft.a D:\w\EPPC\workspace_codegen\ewl\EWL_Runtime\Runtime_PA_CmdLineData\librt_E200z0_VLE_Soft\obj\__start.o
  00000138 000000 000001d8 000004b8  1 .init.104 	librt_E200z0_VLE_Soft.a D:\w\EPPC\workspace_codegen\ewl\EWL_Runtime\Runtime_PA_CmdLineData\librt_E200z0_VLE_Soft\obj\__start.o
  00000138 0000d4 000001d8 000004b8  1 .init 	librt_E200z0_VLE_Soft.a D:\w\EPPC\workspace_codegen\ewl\EWL_Runtime\Runtime_PA_CmdLineData\librt_E200z0_VLE_Soft\obj\__mem.o
  00000138 000038 000001d8 000004b8  2 memcpy 	librt_E200z0_VLE_Soft.a D:\w\EPPC\workspace_codegen\ewl\EWL_Runtime\Runtime_PA_CmdLineData\librt_E200z0_VLE_Soft\obj\__mem.o
  00000170 000082 00000210 000004f0  2 __fill_mem 	librt_E200z0_VLE_Soft.a D:\w\EPPC\workspace_codegen\ewl\EWL_Runtime\Runtime_PA_CmdLineData\librt_E200z0_VLE_Soft\obj\__mem.o
  000001f2 00001a 00000292 00000572  2 memset 	librt_E200z0_VLE_Soft.a D:\w\EPPC\workspace_codegen\ewl\EWL_Runtime\Runtime_PA_CmdLineData\librt_E200z0_VLE_Soft\obj\__mem.o


.ivor_branch_table section layout
  Starting        Virtual  File
  address  Size   address  offset
  ---------------------------------
  00000000 0000f2 00001000 00000590  1 .ivor_branch_table 	ivor_branch_table_c.obj 
  00000000 0000f2 00001000 00000590 16 ivor_branch_table_p0 	ivor_branch_table_c.obj 
  000000f2 000000 000010f2 00000682  1 .ivor_branch_table.24 	ivor_branch_table_c.obj 


.intc_hw_branch_table section layout
  Starting        Virtual  File
  address  Size   address  offset
  ---------------------------------


.__exception_handlers section layout
  Starting        Virtual  File
  address  Size   address  offset
  ---------------------------------
  00000000 000096 00001100 00000690  1 .__exception_handlers 	IntcInterrupts_c.obj 
  00000000 000096 00001100 00000690 16 INTC_INTCInterruptHandler 	IntcInterrupts_c.obj 
  00000096 00000a 000011a0 00000730 16 *fill*
  000000a0 000002 000011a0 00000730  1 .__exception_handlers 	Exceptions_c.obj 
  000000a0 000002 000011a0 00000730 16 EXCEP_DefaultExceptionHandler 	Exceptions_c.obj 


.text section layout
  Starting        Virtual  File
  address  Size   address  offset
  ---------------------------------


.text_vle section layout
  Starting        Virtual  File
  address  Size   address  offset
  ---------------------------------
  00000000 000052 00003000 00000740  1 .text 	__ppc_eabi_init_c.obj 
  00000000 00003e 00003000 00000740  2 FlashConfig 	__ppc_eabi_init_c.obj 
  0000003e 000012 0000303e 0000077e  2 __init_user 	__ppc_eabi_init_c.obj 
  00000050 000002 00003050 00000790  2 _ExitProcess 	__ppc_eabi_init_c.obj 
  00000052 000050 00003052 00000792  1 .text 	MPC5604C_HWInit_c.obj 
  00000052 000050 00003052 00000792  2 INIT_Derivative 	MPC5604C_HWInit_c.obj 
  UNUSED   000002 ........ ........    INIT_ExternalBusAndMemory MPC5604C_HWInit_c.obj 
  000000a2 000000 000030a2 000007e2  1 .text.12 	MPC5604C_HWInit_c.obj 
  000000a2 0001a4 000030a2 000007e2  1 .text 	ssw_c.obj 
  000000a2 0000e6 000030a2 000007e2  2 initSSW 	ssw_c.obj 
  00000188 0000be 00003188 000008c8  2 SSW_Dis 	ssw_c.obj 
  00000246 000000 00003246 00000986  1 .text.559 	ssw_c.obj 
  00000246 000638 00003246 00000986  1 .text 	oled_c.obj 
  00000246 00001e 00003246 00000986  2 delay_ms 	oled_c.obj 
  00000264 000096 00003264 000009a4  2 OLED_WR_Byte 	oled_c.obj 
  000002fa 000054 000032fa 00000a3a  2 OLED_Set_Pos 	oled_c.obj 
  UNUSED   000036 ........ ........    OLED_Display_On oled_c.obj 
  UNUSED   000038 ........ ........    OLED_Display_Off oled_c.obj 
  0000034e 00006a 0000334e 00000a8e  2 OLED_Clear 	oled_c.obj 
  000003b8 0000ce 000033b8 00000af8  2 OLED_ShowChar 	oled_c.obj 
  00000486 000022 00003486 00000bc6  2 oled_pow 	oled_c.obj 
  000004a8 0000d4 000034a8 00000be8  2 OLED_ShowNum 	oled_c.obj 
  UNUSED   00005c ........ ........    OLED_ShowString oled_c.obj 
  UNUSED   0000a8 ........ ........    OLED_ShowCHinese oled_c.obj 
  UNUSED   0000a8 ........ ........    OLED_DrawBMP oled_c.obj 
  0000057c 0001ca 0000357c 00000cbc  2 OLED_Init 	oled_c.obj 
  00000746 000138 00003746 00000e86  2 dis_num 	oled_c.obj 
  UNUSED   00010c ........ ........    dis_decimals oled_c.obj 
  0000087e 000000 0000387e 00000fbe  1 .text.799 	oled_c.obj 
  0000087e 0000ca 0000387e 00000fbe  1 .text 	main_c.obj 
  0000087e 0000ca 0000387e 00000fbe  2 main 	main_c.obj 
  00000948 000000 00003948 00001088  1 .text.554 	main_c.obj 
  00000948 00005a 00003948 00001088  1 .text 	interrupt_c.obj 
  00000948 000018 00003948 00001088  2 enableIrq 	interrupt_c.obj 
  00000960 000042 00003960 000010a0  2 initPIT 	interrupt_c.obj 
  000009a2 000000 000039a2 000010e2  1 .text.544 	interrupt_c.obj 
  000009a2 0000aa 000039a2 000010e2  1 .text 	initsteer_c.obj 
  000009a2 0000aa 000039a2 000010e2  2 initSteer 	initsteer_c.obj 
  00000a4c 000000 00003a4c 0000118c  1 .text.540 	initsteer_c.obj 
  00000a4c 00003e 00003a4c 0000118c  1 .text 	initPress_c.obj 
  00000a4c 00003e 00003a4c 0000118c  2 initPress 	initPress_c.obj 
  00000a8a 000000 00003a8a 000011ca  1 .text.540 	initPress_c.obj 
  00000a8a 00014c 00003a8a 000011ca  1 .text 	initPWM_c.obj 
  00000a8a 00014c 00003a8a 000011ca  2 initPWM 	initPWM_c.obj 
  00000bd6 000000 00003bd6 00001316  1 .text.540 	initPWM_c.obj 
  00000bd6 00003e 00003bd6 00001316  1 .text 	initOLED_c.obj 
  00000bd6 00003e 00003bd6 00001316  2 initOLED 	initOLED_c.obj 
  00000c14 000000 00003c14 00001354  1 .text.540 	initOLED_c.obj 
  00000c14 000080 00003c14 00001354  1 .text 	initModesAndClock_c.obj 
  00000c14 000080 00003c14 00001354  2 initModesAndClock 	initModesAndClock_c.obj 
  00000c94 000000 00003c94 000013d4  1 .text.550 	initModesAndClock_c.obj 
  00000c94 0000be 00003c94 000013d4  1 .text 	initAdc_c.obj 
  00000c94 0000be 00003c94 000013d4  2 initADC 	initAdc_c.obj 
  00000d52 000000 00003d52 00001492  1 .text.540 	initAdc_c.obj 
  00000d52 000a26 00003d52 00001492  1 .text 	distance_c.obj 
  00000d52 000194 00003d52 00001492  2 AD_Read 	distance_c.obj 
  00000ee6 0006f6 00003ee6 00001626  2 x_bekommen 	distance_c.obj 
  000015dc 00019c 000045dc 00001d1c  2 get_kp 	distance_c.obj 
  00001778 000000 00004778 00001eb8  1 .text.635 	distance_c.obj 
  00001778 000032 00004778 00001eb8  1 .text 	disableWatchdog_c.obj 
  00001778 000032 00004778 00001eb8  2 disableWatchdog 	disableWatchdog_c.obj 
  000017aa 000000 000047aa 00001eea  1 .text.540 	disableWatchdog_c.obj 
  000017aa 0000dc 000047aa 00001eea  1 .text 	counter_c.obj 
  000017aa 000080 000047aa 00001eea  2 initCounter 	counter_c.obj 
  0000182a 00004e 0000482a 00001f6a  2 SpeedBekommen 	counter_c.obj 
  00001878 00000e 00004878 00001fb8  2 DirBekommen 	counter_c.obj 
  00001886 000000 00004886 00001fc6  1 .text.554 	counter_c.obj 
  00001886 000776 00004886 00001fc6  1 .text 	control_c.obj 
  00001886 000290 00004886 00001fc6  2 DirectionController 	control_c.obj 
  00001b16 0001a4 00004b16 00002256  2 SpeedController 	control_c.obj 
  00001cba 000108 00004cba 000023fa  2 SetSteer 	control_c.obj 
  00001dc2 00005e 00004dc2 00002502  2 SetMotor 	control_c.obj 
  00001e20 0001dc 00004e20 00002560  2 Check 	control_c.obj 
  00001ffc 000000 00004ffc 0000273c  1 .text.677 	control_c.obj 
  00001ffc 000196 00004ffc 0000273c  1 .text 	blue tooth_c.obj 
  00001ffc 00007c 00004ffc 0000273c  2 initLINFlex_0_UART 	blue tooth_c.obj 
  00002078 0000f4 00005078 000027b8  2 LINFlex0_init 	blue tooth_c.obj 
  UNUSED   00002e ........ ........    LINFlex_TX blue tooth_c.obj 
  0000216c 000026 0000516c 000028ac  2 LINFlex_RX 	blue tooth_c.obj 
  UNUSED   00016e ........ ........    SendFloat_3 blue tooth_c.obj 
  00002192 000000 00005192 000028d2  1 .text.586 	blue tooth_c.obj 
  00002192 00004e 00005192 000028d2  1 .text 	IntcInterrupts_c.obj 
  00002192 00002c 00005192 000028d2  2 INTC_InstallINTCInterruptHandler 	IntcInterrupts_c.obj 
  000021be 000022 000051be 000028fe  2 INTC_InitINTCInterrupts 	IntcInterrupts_c.obj 
  000021e0 0006e6 000051e0 00002920  1 .text 	HCI_c.obj 
  000021e0 000382 000051e0 00002920  2 HCI 	HCI_c.obj 
  00002562 0000d0 00005562 00002ca2  2 Dis_Page1 	HCI_c.obj 
  00002632 0000dc 00005632 00002d72  2 Dis_Page2 	HCI_c.obj 
  0000270e 0000dc 0000570e 00002e4e  2 Dis_Page3 	HCI_c.obj 
  000027ea 0000dc 000057ea 00002f2a  2 Dis_Page4 	HCI_c.obj 
  000028c6 000000 000058c6 00003006  1 .text.693 	HCI_c.obj 
  000028c6 00000e 000058c6 00003006  1 .text 	Exceptions_c.obj 
  000028c6 00000e 000058c6 00003006  2 EXCEP_InitExceptionHandlers 	Exceptions_c.obj 
  000028d4 0000d4 000058d4 00003014  1 .text 	ADC_c.obj 
  000028d4 0000d4 000058d4 00003014  2 AD_Bekommen 	ADC_c.obj 
  UNUSED   0000b0 ........ ........    operationL ADC_c.obj 
  UNUSED   0000be ........ ........    MaxBekommen ADC_c.obj 
  000029a8 000000 000059a8 000030e8  1 .text.564 	ADC_c.obj 
  000029a8 000040 000059a8 000030e8  1 .text 	libc_E200z0_VLE_Soft.a D:\w\EPPC\workspace_codegen\ewl\EWL_C\EWL_C.PA_CmdLineData\libc_E200z0_VLE_Soft\obj\abort_exit.o
  UNUSED   00002c ........ ........    abort libc_E200z0_VLE_Soft.a D:\w\EPPC\workspace_codegen\ewl\EWL_C\EWL_C.PA_CmdLineData\libc_E200z0_VLE_Soft\obj\abort_exit.o
  UNUSED   000004 ........ ........    atexit libc_E200z0_VLE_Soft.a D:\w\EPPC\workspace_codegen\ewl\EWL_C\EWL_C.PA_CmdLineData\libc_E200z0_VLE_Soft\obj\abort_exit.o
  000029a8 000040 000059a8 000030e8  2 exit 	libc_E200z0_VLE_Soft.a D:\w\EPPC\workspace_codegen\ewl\EWL_C\EWL_C.PA_CmdLineData\libc_E200z0_VLE_Soft\obj\abort_exit.o
  UNUSED   00002a ........ ........    __atexit libc_E200z0_VLE_Soft.a D:\w\EPPC\workspace_codegen\ewl\EWL_C\EWL_C.PA_CmdLineData\libc_E200z0_VLE_Soft\obj\abort_exit.o
  UNUSED   000056 ........ ........    __exit libc_E200z0_VLE_Soft.a D:\w\EPPC\workspace_codegen\ewl\EWL_C\EWL_C.PA_CmdLineData\libc_E200z0_VLE_Soft\obj\abort_exit.o
  000029e8 000000 000059e8 00003128  1 .text.86 	libc_E200z0_VLE_Soft.a D:\w\EPPC\workspace_codegen\ewl\EWL_C\EWL_C.PA_CmdLineData\libc_E200z0_VLE_Soft\obj\abort_exit.o
  000029e8 000032 000059e8 00003128  1 .text 	librt_E200z0_VLE_Soft.a D:\w\EPPC\workspace_codegen\ewl\EWL_Runtime\Runtime_PA_CmdLineData\librt_E200z0_VLE_Soft\obj\global_destructor_chain.o
  UNUSED   000010 ........ ........    __register_global_object librt_E200z0_VLE_Soft.a D:\w\EPPC\workspace_codegen\ewl\EWL_Runtime\Runtime_PA_CmdLineData\librt_E200z0_VLE_Soft\obj\global_destructor_chain.o
  000029e8 000032 000059e8 00003128  2 __destroy_global_chain 	librt_E200z0_VLE_Soft.a D:\w\EPPC\workspace_codegen\ewl\EWL_Runtime\Runtime_PA_CmdLineData\librt_E200z0_VLE_Soft\obj\global_destructor_chain.o
  UNUSED   00003a ........ ........    __register_atexit librt_E200z0_VLE_Soft.a D:\w\EPPC\workspace_codegen\ewl\EWL_Runtime\Runtime_PA_CmdLineData\librt_E200z0_VLE_Soft\obj\global_destructor_chain.o
  00002a1a 000000 00005a1a 0000315a  1 .text.104 	librt_E200z0_VLE_Soft.a D:\w\EPPC\workspace_codegen\ewl\EWL_Runtime\Runtime_PA_CmdLineData\librt_E200z0_VLE_Soft\obj\global_destructor_chain.o
  00002a1a 000008 00005a1a 0000315a  1 .text 	librt_E200z0_VLE_Soft.a D:\w\EPPC\workspace_codegen\ewl\EWL_Runtime\Runtime_PA_CmdLineData\librt_E200z0_VLE_Soft\obj\runtime.o
  UNUSED   00004a ........ ........    __save_gpr librt_E200z0_VLE_Soft.a D:\w\EPPC\workspace_codegen\ewl\EWL_Runtime\Runtime_PA_CmdLineData\librt_E200z0_VLE_Soft\obj\runtime.o
  UNUSED   000000 ........ ........    _savegpr_14 librt_E200z0_VLE_Soft.a D:\w\EPPC\workspace_codegen\ewl\EWL_Runtime\Runtime_PA_CmdLineData\librt_E200z0_VLE_Soft\obj\runtime.o
  UNUSED   000000 ........ ........    _save32gpr_14 librt_E200z0_VLE_Soft.a D:\w\EPPC\workspace_codegen\ewl\EWL_Runtime\Runtime_PA_CmdLineData\librt_E200z0_VLE_Soft\obj\runtime.o
  UNUSED   000000 ........ ........    _savegpr_15 librt_E200z0_VLE_Soft.a D:\w\EPPC\workspace_codegen\ewl\EWL_Runtime\Runtime_PA_CmdLineData\librt_E200z0_VLE_Soft\obj\runtime.o
  UNUSED   000000 ........ ........    _save32gpr_15 librt_E200z0_VLE_Soft.a D:\w\EPPC\workspace_codegen\ewl\EWL_Runtime\Runtime_PA_CmdLineData\librt_E200z0_VLE_Soft\obj\runtime.o
  UNUSED   000000 ........ ........    _savegpr_16 librt_E200z0_VLE_Soft.a D:\w\EPPC\workspace_codegen\ewl\EWL_Runtime\Runtime_PA_CmdLineData\librt_E200z0_VLE_Soft\obj\runtime.o
  UNUSED   000000 ........ ........    _save32gpr_16 librt_E200z0_VLE_Soft.a D:\w\EPPC\workspace_codegen\ewl\EWL_Runtime\Runtime_PA_CmdLineData\librt_E200z0_VLE_Soft\obj\runtime.o
  UNUSED   000000 ........ ........    _savegpr_17 librt_E200z0_VLE_Soft.a D:\w\EPPC\workspace_codegen\ewl\EWL_Runtime\Runtime_PA_CmdLineData\librt_E200z0_VLE_Soft\obj\runtime.o
  UNUSED   000000 ........ ........    _save32gpr_17 librt_E200z0_VLE_Soft.a D:\w\EPPC\workspace_codegen\ewl\EWL_Runtime\Runtime_PA_CmdLineData\librt_E200z0_VLE_Soft\obj\runtime.o
  UNUSED   000000 ........ ........    _savegpr_18 librt_E200z0_VLE_Soft.a D:\w\EPPC\workspace_codegen\ewl\EWL_Runtime\Runtime_PA_CmdLineData\librt_E200z0_VLE_Soft\obj\runtime.o
  UNUSED   000000 ........ ........    _save32gpr_18 librt_E200z0_VLE_Soft.a D:\w\EPPC\workspace_codegen\ewl\EWL_Runtime\Runtime_PA_CmdLineData\librt_E200z0_VLE_Soft\obj\runtime.o
  UNUSED   000000 ........ ........    _savegpr_19 librt_E200z0_VLE_Soft.a D:\w\EPPC\workspace_codegen\ewl\EWL_Runtime\Runtime_PA_CmdLineData\librt_E200z0_VLE_Soft\obj\runtime.o
  UNUSED   000000 ........ ........    _save32gpr_19 librt_E200z0_VLE_Soft.a D:\w\EPPC\workspace_codegen\ewl\EWL_Runtime\Runtime_PA_CmdLineData\librt_E200z0_VLE_Soft\obj\runtime.o
  UNUSED   000000 ........ ........    _savegpr_20 librt_E200z0_VLE_Soft.a D:\w\EPPC\workspace_codegen\ewl\EWL_Runtime\Runtime_PA_CmdLineData\librt_E200z0_VLE_Soft\obj\runtime.o
  UNUSED   000000 ........ ........    _save32gpr_20 librt_E200z0_VLE_Soft.a D:\w\EPPC\workspace_codegen\ewl\EWL_Runtime\Runtime_PA_CmdLineData\librt_E200z0_VLE_Soft\obj\runtime.o
  UNUSED   000000 ........ ........    _savegpr_21 librt_E200z0_VLE_Soft.a D:\w\EPPC\workspace_codegen\ewl\EWL_Runtime\Runtime_PA_CmdLineData\librt_E200z0_VLE_Soft\obj\runtime.o
  UNUSED   000000 ........ ........    _save32gpr_21 librt_E200z0_VLE_Soft.a D:\w\EPPC\workspace_codegen\ewl\EWL_Runtime\Runtime_PA_CmdLineData\librt_E200z0_VLE_Soft\obj\runtime.o
  UNUSED   000000 ........ ........    _savegpr_22 librt_E200z0_VLE_Soft.a D:\w\EPPC\workspace_codegen\ewl\EWL_Runtime\Runtime_PA_CmdLineData\librt_E200z0_VLE_Soft\obj\runtime.o
  UNUSED   000000 ........ ........    _save32gpr_22 librt_E200z0_VLE_Soft.a D:\w\EPPC\workspace_codegen\ewl\EWL_Runtime\Runtime_PA_CmdLineData\librt_E200z0_VLE_Soft\obj\runtime.o
  UNUSED   000000 ........ ........    _savegpr_23 librt_E200z0_VLE_Soft.a D:\w\EPPC\workspace_codegen\ewl\EWL_Runtime\Runtime_PA_CmdLineData\librt_E200z0_VLE_Soft\obj\runtime.o
  UNUSED   000000 ........ ........    _save32gpr_23 librt_E200z0_VLE_Soft.a D:\w\EPPC\workspace_codegen\ewl\EWL_Runtime\Runtime_PA_CmdLineData\librt_E200z0_VLE_Soft\obj\runtime.o
  UNUSED   000000 ........ ........    _savegpr_24 librt_E200z0_VLE_Soft.a D:\w\EPPC\workspace_codegen\ewl\EWL_Runtime\Runtime_PA_CmdLineData\librt_E200z0_VLE_Soft\obj\runtime.o
  UNUSED   000000 ........ ........    _save32gpr_24 librt_E200z0_VLE_Soft.a D:\w\EPPC\workspace_codegen\ewl\EWL_Runtime\Runtime_PA_CmdLineData\librt_E200z0_VLE_Soft\obj\runtime.o
  UNUSED   000000 ........ ........    _savegpr_25 librt_E200z0_VLE_Soft.a D:\w\EPPC\workspace_codegen\ewl\EWL_Runtime\Runtime_PA_CmdLineData\librt_E200z0_VLE_Soft\obj\runtime.o
  UNUSED   000000 ........ ........    _save32gpr_25 librt_E200z0_VLE_Soft.a D:\w\EPPC\workspace_codegen\ewl\EWL_Runtime\Runtime_PA_CmdLineData\librt_E200z0_VLE_Soft\obj\runtime.o
  UNUSED   000000 ........ ........    _savegpr_26 librt_E200z0_VLE_Soft.a D:\w\EPPC\workspace_codegen\ewl\EWL_Runtime\Runtime_PA_CmdLineData\librt_E200z0_VLE_Soft\obj\runtime.o
  UNUSED   000000 ........ ........    _save32gpr_26 librt_E200z0_VLE_Soft.a D:\w\EPPC\workspace_codegen\ewl\EWL_Runtime\Runtime_PA_CmdLineData\librt_E200z0_VLE_Soft\obj\runtime.o
  UNUSED   000000 ........ ........    _savegpr_27 librt_E200z0_VLE_Soft.a D:\w\EPPC\workspace_codegen\ewl\EWL_Runtime\Runtime_PA_CmdLineData\librt_E200z0_VLE_Soft\obj\runtime.o
  UNUSED   000000 ........ ........    _save32gpr_27 librt_E200z0_VLE_Soft.a D:\w\EPPC\workspace_codegen\ewl\EWL_Runtime\Runtime_PA_CmdLineData\librt_E200z0_VLE_Soft\obj\runtime.o
  UNUSED   000000 ........ ........    _savegpr_28 librt_E200z0_VLE_Soft.a D:\w\EPPC\workspace_codegen\ewl\EWL_Runtime\Runtime_PA_CmdLineData\librt_E200z0_VLE_Soft\obj\runtime.o
  UNUSED   000000 ........ ........    _save32gpr_28 librt_E200z0_VLE_Soft.a D:\w\EPPC\workspace_codegen\ewl\EWL_Runtime\Runtime_PA_CmdLineData\librt_E200z0_VLE_Soft\obj\runtime.o
  UNUSED   000000 ........ ........    _savegpr_29 librt_E200z0_VLE_Soft.a D:\w\EPPC\workspace_codegen\ewl\EWL_Runtime\Runtime_PA_CmdLineData\librt_E200z0_VLE_Soft\obj\runtime.o
  UNUSED   000000 ........ ........    _save32gpr_29 librt_E200z0_VLE_Soft.a D:\w\EPPC\workspace_codegen\ewl\EWL_Runtime\Runtime_PA_CmdLineData\librt_E200z0_VLE_Soft\obj\runtime.o
  UNUSED   000000 ........ ........    _savegpr_30 librt_E200z0_VLE_Soft.a D:\w\EPPC\workspace_codegen\ewl\EWL_Runtime\Runtime_PA_CmdLineData\librt_E200z0_VLE_Soft\obj\runtime.o
  UNUSED   000000 ........ ........    _save32gpr_30 librt_E200z0_VLE_Soft.a D:\w\EPPC\workspace_codegen\ewl\EWL_Runtime\Runtime_PA_CmdLineData\librt_E200z0_VLE_Soft\obj\runtime.o
  UNUSED   000000 ........ ........    _savegpr_31 librt_E200z0_VLE_Soft.a D:\w\EPPC\workspace_codegen\ewl\EWL_Runtime\Runtime_PA_CmdLineData\librt_E200z0_VLE_Soft\obj\runtime.o
  UNUSED   000000 ........ ........    _save32gpr_31 librt_E200z0_VLE_Soft.a D:\w\EPPC\workspace_codegen\ewl\EWL_Runtime\Runtime_PA_CmdLineData\librt_E200z0_VLE_Soft\obj\runtime.o
  UNUSED   00004a ........ ........    __restore_gpr librt_E200z0_VLE_Soft.a D:\w\EPPC\workspace_codegen\ewl\EWL_Runtime\Runtime_PA_CmdLineData\librt_E200z0_VLE_Soft\obj\runtime.o
  UNUSED   000000 ........ ........    _restgpr_14 librt_E200z0_VLE_Soft.a D:\w\EPPC\workspace_codegen\ewl\EWL_Runtime\Runtime_PA_CmdLineData\librt_E200z0_VLE_Soft\obj\runtime.o
  UNUSED   000000 ........ ........    _rest32gpr_14 librt_E200z0_VLE_Soft.a D:\w\EPPC\workspace_codegen\ewl\EWL_Runtime\Runtime_PA_CmdLineData\librt_E200z0_VLE_Soft\obj\runtime.o
  UNUSED   000000 ........ ........    _restgpr_15 librt_E200z0_VLE_Soft.a D:\w\EPPC\workspace_codegen\ewl\EWL_Runtime\Runtime_PA_CmdLineData\librt_E200z0_VLE_Soft\obj\runtime.o
  UNUSED   000000 ........ ........    _rest32gpr_15 librt_E200z0_VLE_Soft.a D:\w\EPPC\workspace_codegen\ewl\EWL_Runtime\Runtime_PA_CmdLineData\librt_E200z0_VLE_Soft\obj\runtime.o
  UNUSED   000000 ........ ........    _restgpr_16 librt_E200z0_VLE_Soft.a D:\w\EPPC\workspace_codegen\ewl\EWL_Runtime\Runtime_PA_CmdLineData\librt_E200z0_VLE_Soft\obj\runtime.o
  UNUSED   000000 ........ ........    _rest32gpr_16 librt_E200z0_VLE_Soft.a D:\w\EPPC\workspace_codegen\ewl\EWL_Runtime\Runtime_PA_CmdLineData\librt_E200z0_VLE_Soft\obj\runtime.o
  UNUSED   000000 ........ ........    _restgpr_17 librt_E200z0_VLE_Soft.a D:\w\EPPC\workspace_codegen\ewl\EWL_Runtime\Runtime_PA_CmdLineData\librt_E200z0_VLE_Soft\obj\runtime.o
  UNUSED   000000 ........ ........    _rest32gpr_17 librt_E200z0_VLE_Soft.a D:\w\EPPC\workspace_codegen\ewl\EWL_Runtime\Runtime_PA_CmdLineData\librt_E200z0_VLE_Soft\obj\runtime.o
  UNUSED   000000 ........ ........    _restgpr_18 librt_E200z0_VLE_Soft.a D:\w\EPPC\workspace_codegen\ewl\EWL_Runtime\Runtime_PA_CmdLineData\librt_E200z0_VLE_Soft\obj\runtime.o
  UNUSED   000000 ........ ........    _rest32gpr_18 librt_E200z0_VLE_Soft.a D:\w\EPPC\workspace_codegen\ewl\EWL_Runtime\Runtime_PA_CmdLineData\librt_E200z0_VLE_Soft\obj\runtime.o
  UNUSED   000000 ........ ........    _restgpr_19 librt_E200z0_VLE_Soft.a D:\w\EPPC\workspace_codegen\ewl\EWL_Runtime\Runtime_PA_CmdLineData\librt_E200z0_VLE_Soft\obj\runtime.o
  UNUSED   000000 ........ ........    _rest32gpr_19 librt_E200z0_VLE_Soft.a D:\w\EPPC\workspace_codegen\ewl\EWL_Runtime\Runtime_PA_CmdLineData\librt_E200z0_VLE_Soft\obj\runtime.o
  UNUSED   000000 ........ ........    _restgpr_20 librt_E200z0_VLE_Soft.a D:\w\EPPC\workspace_codegen\ewl\EWL_Runtime\Runtime_PA_CmdLineData\librt_E200z0_VLE_Soft\obj\runtime.o
  UNUSED   000000 ........ ........    _rest32gpr_20 librt_E200z0_VLE_Soft.a D:\w\EPPC\workspace_codegen\ewl\EWL_Runtime\Runtime_PA_CmdLineData\librt_E200z0_VLE_Soft\obj\runtime.o
  UNUSED   000000 ........ ........    _restgpr_21 librt_E200z0_VLE_Soft.a D:\w\EPPC\workspace_codegen\ewl\EWL_Runtime\Runtime_PA_CmdLineData\librt_E200z0_VLE_Soft\obj\runtime.o
  UNUSED   000000 ........ ........    _rest32gpr_21 librt_E200z0_VLE_Soft.a D:\w\EPPC\workspace_codegen\ewl\EWL_Runtime\Runtime_PA_CmdLineData\librt_E200z0_VLE_Soft\obj\runtime.o
  UNUSED   000000 ........ ........    _restgpr_22 librt_E200z0_VLE_Soft.a D:\w\EPPC\workspace_codegen\ewl\EWL_Runtime\Runtime_PA_CmdLineData\librt_E200z0_VLE_Soft\obj\runtime.o
  UNUSED   000000 ........ ........    _rest32gpr_22 librt_E200z0_VLE_Soft.a D:\w\EPPC\workspace_codegen\ewl\EWL_Runtime\Runtime_PA_CmdLineData\librt_E200z0_VLE_Soft\obj\runtime.o
  UNUSED   000000 ........ ........    _restgpr_23 librt_E200z0_VLE_Soft.a D:\w\EPPC\workspace_codegen\ewl\EWL_Runtime\Runtime_PA_CmdLineData\librt_E200z0_VLE_Soft\obj\runtime.o
  UNUSED   000000 ........ ........    _rest32gpr_23 librt_E200z0_VLE_Soft.a D:\w\EPPC\workspace_codegen\ewl\EWL_Runtime\Runtime_PA_CmdLineData\librt_E200z0_VLE_Soft\obj\runtime.o
  UNUSED   000000 ........ ........    _restgpr_24 librt_E200z0_VLE_Soft.a D:\w\EPPC\workspace_codegen\ewl\EWL_Runtime\Runtime_PA_CmdLineData\librt_E200z0_VLE_Soft\obj\runtime.o
  UNUSED   000000 ........ ........    _rest32gpr_24 librt_E200z0_VLE_Soft.a D:\w\EPPC\workspace_codegen\ewl\EWL_Runtime\Runtime_PA_CmdLineData\librt_E200z0_VLE_Soft\obj\runtime.o
  UNUSED   000000 ........ ........    _restgpr_25 librt_E200z0_VLE_Soft.a D:\w\EPPC\workspace_codegen\ewl\EWL_Runtime\Runtime_PA_CmdLineData\librt_E200z0_VLE_Soft\obj\runtime.o
  UNUSED   000000 ........ ........    _rest32gpr_25 librt_E200z0_VLE_Soft.a D:\w\EPPC\workspace_codegen\ewl\EWL_Runtime\Runtime_PA_CmdLineData\librt_E200z0_VLE_Soft\obj\runtime.o
  UNUSED   000000 ........ ........    _restgpr_26 librt_E200z0_VLE_Soft.a D:\w\EPPC\workspace_codegen\ewl\EWL_Runtime\Runtime_PA_CmdLineData\librt_E200z0_VLE_Soft\obj\runtime.o
  UNUSED   000000 ........ ........    _rest32gpr_26 librt_E200z0_VLE_Soft.a D:\w\EPPC\workspace_codegen\ewl\EWL_Runtime\Runtime_PA_CmdLineData\librt_E200z0_VLE_Soft\obj\runtime.o
  UNUSED   000000 ........ ........    _restgpr_27 librt_E200z0_VLE_Soft.a D:\w\EPPC\workspace_codegen\ewl\EWL_Runtime\Runtime_PA_CmdLineData\librt_E200z0_VLE_Soft\obj\runtime.o
  UNUSED   000000 ........ ........    _rest32gpr_27 librt_E200z0_VLE_Soft.a D:\w\EPPC\workspace_codegen\ewl\EWL_Runtime\Runtime_PA_CmdLineData\librt_E200z0_VLE_Soft\obj\runtime.o
  UNUSED   000000 ........ ........    _restgpr_28 librt_E200z0_VLE_Soft.a D:\w\EPPC\workspace_codegen\ewl\EWL_Runtime\Runtime_PA_CmdLineData\librt_E200z0_VLE_Soft\obj\runtime.o
  UNUSED   000000 ........ ........    _rest32gpr_28 librt_E200z0_VLE_Soft.a D:\w\EPPC\workspace_codegen\ewl\EWL_Runtime\Runtime_PA_CmdLineData\librt_E200z0_VLE_Soft\obj\runtime.o
  UNUSED   000000 ........ ........    _restgpr_29 librt_E200z0_VLE_Soft.a D:\w\EPPC\workspace_codegen\ewl\EWL_Runtime\Runtime_PA_CmdLineData\librt_E200z0_VLE_Soft\obj\runtime.o
  UNUSED   000000 ........ ........    _rest32gpr_29 librt_E200z0_VLE_Soft.a D:\w\EPPC\workspace_codegen\ewl\EWL_Runtime\Runtime_PA_CmdLineData\librt_E200z0_VLE_Soft\obj\runtime.o
  UNUSED   000000 ........ ........    _restgpr_30 librt_E200z0_VLE_Soft.a D:\w\EPPC\workspace_codegen\ewl\EWL_Runtime\Runtime_PA_CmdLineData\librt_E200z0_VLE_Soft\obj\runtime.o
  UNUSED   000000 ........ ........    _rest32gpr_30 librt_E200z0_VLE_Soft.a D:\w\EPPC\workspace_codegen\ewl\EWL_Runtime\Runtime_PA_CmdLineData\librt_E200z0_VLE_Soft\obj\runtime.o
  UNUSED   000000 ........ ........    _restgpr_31 librt_E200z0_VLE_Soft.a D:\w\EPPC\workspace_codegen\ewl\EWL_Runtime\Runtime_PA_CmdLineData\librt_E200z0_VLE_Soft\obj\runtime.o
  UNUSED   000000 ........ ........    _rest32gpr_31 librt_E200z0_VLE_Soft.a D:\w\EPPC\workspace_codegen\ewl\EWL_Runtime\Runtime_PA_CmdLineData\librt_E200z0_VLE_Soft\obj\runtime.o
  00002a1a 000008 00005a1a 0000315a  2 __restore_frame_and_exit 	librt_E200z0_VLE_Soft.a D:\w\EPPC\workspace_codegen\ewl\EWL_Runtime\Runtime_PA_CmdLineData\librt_E200z0_VLE_Soft\obj\runtime.o
  UNUSED   000000 ........ ........    __finish_restore_frame_and_exit2 librt_E200z0_VLE_Soft.a D:\w\EPPC\workspace_codegen\ewl\EWL_Runtime\Runtime_PA_CmdLineData\librt_E200z0_VLE_Soft\obj\runtime.o
  UNUSED   00000a ........ ........    __restore_gpr_31_exit librt_E200z0_VLE_Soft.a D:\w\EPPC\workspace_codegen\ewl\EWL_Runtime\Runtime_PA_CmdLineData\librt_E200z0_VLE_Soft\obj\runtime.o
  UNUSED   000000 ........ ........    __finish_restore_frame_and_exit librt_E200z0_VLE_Soft.a D:\w\EPPC\workspace_codegen\ewl\EWL_Runtime\Runtime_PA_CmdLineData\librt_E200z0_VLE_Soft\obj\runtime.o
  UNUSED   000008 ........ ........    __restore_gpr_30_exit librt_E200z0_VLE_Soft.a D:\w\EPPC\workspace_codegen\ewl\EWL_Runtime\Runtime_PA_CmdLineData\librt_E200z0_VLE_Soft\obj\runtime.o
  UNUSED   000008 ........ ........    __restore_gpr_29_exit librt_E200z0_VLE_Soft.a D:\w\EPPC\workspace_codegen\ewl\EWL_Runtime\Runtime_PA_CmdLineData\librt_E200z0_VLE_Soft\obj\runtime.o
  UNUSED   000008 ........ ........    __restore_gpr_28_exit librt_E200z0_VLE_Soft.a D:\w\EPPC\workspace_codegen\ewl\EWL_Runtime\Runtime_PA_CmdLineData\librt_E200z0_VLE_Soft\obj\runtime.o
  UNUSED   000008 ........ ........    __restore_gpr_27_exit librt_E200z0_VLE_Soft.a D:\w\EPPC\workspace_codegen\ewl\EWL_Runtime\Runtime_PA_CmdLineData\librt_E200z0_VLE_Soft\obj\runtime.o
  UNUSED   000008 ........ ........    __restore_gpr_26_exit librt_E200z0_VLE_Soft.a D:\w\EPPC\workspace_codegen\ewl\EWL_Runtime\Runtime_PA_CmdLineData\librt_E200z0_VLE_Soft\obj\runtime.o
  UNUSED   00000a ........ ........    __restore_gpr_25_exit librt_E200z0_VLE_Soft.a D:\w\EPPC\workspace_codegen\ewl\EWL_Runtime\Runtime_PA_CmdLineData\librt_E200z0_VLE_Soft\obj\runtime.o
  UNUSED   000008 ........ ........    __restore_gpr_24_exit librt_E200z0_VLE_Soft.a D:\w\EPPC\workspace_codegen\ewl\EWL_Runtime\Runtime_PA_CmdLineData\librt_E200z0_VLE_Soft\obj\runtime.o
  UNUSED   000008 ........ ........    __restore_gpr_23_exit librt_E200z0_VLE_Soft.a D:\w\EPPC\workspace_codegen\ewl\EWL_Runtime\Runtime_PA_CmdLineData\librt_E200z0_VLE_Soft\obj\runtime.o
  UNUSED   000008 ........ ........    __restore_gpr_22_exit librt_E200z0_VLE_Soft.a D:\w\EPPC\workspace_codegen\ewl\EWL_Runtime\Runtime_PA_CmdLineData\librt_E200z0_VLE_Soft\obj\runtime.o
  UNUSED   000008 ........ ........    __restore_gpr_21_exit librt_E200z0_VLE_Soft.a D:\w\EPPC\workspace_codegen\ewl\EWL_Runtime\Runtime_PA_CmdLineData\librt_E200z0_VLE_Soft\obj\runtime.o
  UNUSED   000008 ........ ........    __restore_gpr_20_exit librt_E200z0_VLE_Soft.a D:\w\EPPC\workspace_codegen\ewl\EWL_Runtime\Runtime_PA_CmdLineData\librt_E200z0_VLE_Soft\obj\runtime.o
  UNUSED   000008 ........ ........    __restore_gpr_19_exit librt_E200z0_VLE_Soft.a D:\w\EPPC\workspace_codegen\ewl\EWL_Runtime\Runtime_PA_CmdLineData\librt_E200z0_VLE_Soft\obj\runtime.o
  UNUSED   000008 ........ ........    __restore_gpr_18_exit librt_E200z0_VLE_Soft.a D:\w\EPPC\workspace_codegen\ewl\EWL_Runtime\Runtime_PA_CmdLineData\librt_E200z0_VLE_Soft\obj\runtime.o
  UNUSED   000008 ........ ........    __restore_gpr_17_exit librt_E200z0_VLE_Soft.a D:\w\EPPC\workspace_codegen\ewl\EWL_Runtime\Runtime_PA_CmdLineData\librt_E200z0_VLE_Soft\obj\runtime.o
  UNUSED   000008 ........ ........    __restore_gpr_16_exit librt_E200z0_VLE_Soft.a D:\w\EPPC\workspace_codegen\ewl\EWL_Runtime\Runtime_PA_CmdLineData\librt_E200z0_VLE_Soft\obj\runtime.o
  UNUSED   000008 ........ ........    __restore_gpr_15_exit librt_E200z0_VLE_Soft.a D:\w\EPPC\workspace_codegen\ewl\EWL_Runtime\Runtime_PA_CmdLineData\librt_E200z0_VLE_Soft\obj\runtime.o
  UNUSED   000008 ........ ........    __restore_gpr_14_exit librt_E200z0_VLE_Soft.a D:\w\EPPC\workspace_codegen\ewl\EWL_Runtime\Runtime_PA_CmdLineData\librt_E200z0_VLE_Soft\obj\runtime.o
  UNUSED   00000c ........ ........    __create_frame librt_E200z0_VLE_Soft.a D:\w\EPPC\workspace_codegen\ewl\EWL_Runtime\Runtime_PA_CmdLineData\librt_E200z0_VLE_Soft\obj\runtime.o
  UNUSED   000000 ........ ........    __save_lr librt_E200z0_VLE_Soft.a D:\w\EPPC\workspace_codegen\ewl\EWL_Runtime\Runtime_PA_CmdLineData\librt_E200z0_VLE_Soft\obj\runtime.o
  UNUSED   00000c ........ ........    __create_frame_and_save_gpr_31 librt_E200z0_VLE_Soft.a D:\w\EPPC\workspace_codegen\ewl\EWL_Runtime\Runtime_PA_CmdLineData\librt_E200z0_VLE_Soft\obj\runtime.o
  UNUSED   00000c ........ ........    __create_frame_and_save_gpr_30 librt_E200z0_VLE_Soft.a D:\w\EPPC\workspace_codegen\ewl\EWL_Runtime\Runtime_PA_CmdLineData\librt_E200z0_VLE_Soft\obj\runtime.o
  UNUSED   00000c ........ ........    __create_frame_and_save_gpr_29 librt_E200z0_VLE_Soft.a D:\w\EPPC\workspace_codegen\ewl\EWL_Runtime\Runtime_PA_CmdLineData\librt_E200z0_VLE_Soft\obj\runtime.o
  UNUSED   00000c ........ ........    __create_frame_and_save_gpr_28 librt_E200z0_VLE_Soft.a D:\w\EPPC\workspace_codegen\ewl\EWL_Runtime\Runtime_PA_CmdLineData\librt_E200z0_VLE_Soft\obj\runtime.o
  UNUSED   00000c ........ ........    __create_frame_and_save_gpr_27 librt_E200z0_VLE_Soft.a D:\w\EPPC\workspace_codegen\ewl\EWL_Runtime\Runtime_PA_CmdLineData\librt_E200z0_VLE_Soft\obj\runtime.o
  UNUSED   00000c ........ ........    __create_frame_and_save_gpr_26 librt_E200z0_VLE_Soft.a D:\w\EPPC\workspace_codegen\ewl\EWL_Runtime\Runtime_PA_CmdLineData\librt_E200z0_VLE_Soft\obj\runtime.o
  UNUSED   00000c ........ ........    __create_frame_and_save_gpr_25 librt_E200z0_VLE_Soft.a D:\w\EPPC\workspace_codegen\ewl\EWL_Runtime\Runtime_PA_CmdLineData\librt_E200z0_VLE_Soft\obj\runtime.o
  UNUSED   00000c ........ ........    __create_frame_and_save_gpr_24 librt_E200z0_VLE_Soft.a D:\w\EPPC\workspace_codegen\ewl\EWL_Runtime\Runtime_PA_CmdLineData\librt_E200z0_VLE_Soft\obj\runtime.o
  UNUSED   00000c ........ ........    __create_frame_and_save_gpr_23 librt_E200z0_VLE_Soft.a D:\w\EPPC\workspace_codegen\ewl\EWL_Runtime\Runtime_PA_CmdLineData\librt_E200z0_VLE_Soft\obj\runtime.o
  UNUSED   00000c ........ ........    __create_frame_and_save_gpr_22 librt_E200z0_VLE_Soft.a D:\w\EPPC\workspace_codegen\ewl\EWL_Runtime\Runtime_PA_CmdLineData\librt_E200z0_VLE_Soft\obj\runtime.o
  UNUSED   00000c ........ ........    __create_frame_and_save_gpr_21 librt_E200z0_VLE_Soft.a D:\w\EPPC\workspace_codegen\ewl\EWL_Runtime\Runtime_PA_CmdLineData\librt_E200z0_VLE_Soft\obj\runtime.o
  UNUSED   00000c ........ ........    __create_frame_and_save_gpr_20 librt_E200z0_VLE_Soft.a D:\w\EPPC\workspace_codegen\ewl\EWL_Runtime\Runtime_PA_CmdLineData\librt_E200z0_VLE_Soft\obj\runtime.o
  UNUSED   00000c ........ ........    __create_frame_and_save_gpr_19 librt_E200z0_VLE_Soft.a D:\w\EPPC\workspace_codegen\ewl\EWL_Runtime\Runtime_PA_CmdLineData\librt_E200z0_VLE_Soft\obj\runtime.o
  UNUSED   00000c ........ ........    __create_frame_and_save_gpr_18 librt_E200z0_VLE_Soft.a D:\w\EPPC\workspace_codegen\ewl\EWL_Runtime\Runtime_PA_CmdLineData\librt_E200z0_VLE_Soft\obj\runtime.o
  UNUSED   00000c ........ ........    __create_frame_and_save_gpr_17 librt_E200z0_VLE_Soft.a D:\w\EPPC\workspace_codegen\ewl\EWL_Runtime\Runtime_PA_CmdLineData\librt_E200z0_VLE_Soft\obj\runtime.o
  UNUSED   00000c ........ ........    __create_frame_and_save_gpr_16 librt_E200z0_VLE_Soft.a D:\w\EPPC\workspace_codegen\ewl\EWL_Runtime\Runtime_PA_CmdLineData\librt_E200z0_VLE_Soft\obj\runtime.o
  UNUSED   00000c ........ ........    __create_frame_and_save_gpr_15 librt_E200z0_VLE_Soft.a D:\w\EPPC\workspace_codegen\ewl\EWL_Runtime\Runtime_PA_CmdLineData\librt_E200z0_VLE_Soft\obj\runtime.o
  UNUSED   00000c ........ ........    __create_frame_and_save_gpr_14 librt_E200z0_VLE_Soft.a D:\w\EPPC\workspace_codegen\ewl\EWL_Runtime\Runtime_PA_CmdLineData\librt_E200z0_VLE_Soft\obj\runtime.o
  UNUSED   0000c4 ........ ........    __div2u librt_E200z0_VLE_Soft.a D:\w\EPPC\workspace_codegen\ewl\EWL_Runtime\Runtime_PA_CmdLineData\librt_E200z0_VLE_Soft\obj\runtime.o
  UNUSED   000108 ........ ........    __div2i librt_E200z0_VLE_Soft.a D:\w\EPPC\workspace_codegen\ewl\EWL_Runtime\Runtime_PA_CmdLineData\librt_E200z0_VLE_Soft\obj\runtime.o
  UNUSED   0000ba ........ ........    __mod2u librt_E200z0_VLE_Soft.a D:\w\EPPC\workspace_codegen\ewl\EWL_Runtime\Runtime_PA_CmdLineData\librt_E200z0_VLE_Soft\obj\runtime.o
  UNUSED   0000e2 ........ ........    __mod2i librt_E200z0_VLE_Soft.a D:\w\EPPC\workspace_codegen\ewl\EWL_Runtime\Runtime_PA_CmdLineData\librt_E200z0_VLE_Soft\obj\runtime.o
  UNUSED   00001a ........ ........    __shl2i librt_E200z0_VLE_Soft.a D:\w\EPPC\workspace_codegen\ewl\EWL_Runtime\Runtime_PA_CmdLineData\librt_E200z0_VLE_Soft\obj\runtime.o
  UNUSED   00001a ........ ........    __shr2u librt_E200z0_VLE_Soft.a D:\w\EPPC\workspace_codegen\ewl\EWL_Runtime\Runtime_PA_CmdLineData\librt_E200z0_VLE_Soft\obj\runtime.o
  UNUSED   00001c ........ ........    __shr2i librt_E200z0_VLE_Soft.a D:\w\EPPC\workspace_codegen\ewl\EWL_Runtime\Runtime_PA_CmdLineData\librt_E200z0_VLE_Soft\obj\runtime.o
  00002a22 000000 00005a22 00003162  1 .text.205 	librt_E200z0_VLE_Soft.a D:\w\EPPC\workspace_codegen\ewl\EWL_Runtime\Runtime_PA_CmdLineData\librt_E200z0_VLE_Soft\obj\runtime.o
  00002a22 00000e 00005a30 00003170 16 *fill*
  00002a30 000e86 00005a30 00003170  1 .text 	librt_E200z0_VLE_Soft.a E:\CW_Dev\eppc_support\Do_Not_Distribute\zen_fpemu\Src\vle_ppcsfpe.o
  UNUSED   000018 ........ ........    _fp_round librt_E200z0_VLE_Soft.a E:\CW_Dev\eppc_support\Do_Not_Distribute\zen_fpemu\Src\vle_ppcsfpe.o
  UNUSED   00000a ........ ........    _fp_get_fpscr librt_E200z0_VLE_Soft.a E:\CW_Dev\eppc_support\Do_Not_Distribute\zen_fpemu\Src\vle_ppcsfpe.o
  UNUSED   00000a ........ ........    _fp_set_fpscr librt_E200z0_VLE_Soft.a E:\CW_Dev\eppc_support\Do_Not_Distribute\zen_fpemu\Src\vle_ppcsfpe.o
  00002a30 000006 00005a30 00003170 16 _f_utof 	librt_E200z0_VLE_Soft.a E:\CW_Dev\eppc_support\Do_Not_Distribute\zen_fpemu\Src\vle_ppcsfpe.o
  00002a40 000028 00005a40 00003180 16 _f_itof 	librt_E200z0_VLE_Soft.a E:\CW_Dev\eppc_support\Do_Not_Distribute\zen_fpemu\Src\vle_ppcsfpe.o
  00002a4a 000000 00005a4a 0000318a    f_itof_common_with_proloque (entry of _f_itof) 	librt_E200z0_VLE_Soft.a E:\CW_Dev\eppc_support\Do_Not_Distribute\zen_fpemu\Src\vle_ppcsfpe.o
  UNUSED   000000 ........ ........    f_itof_common librt_E200z0_VLE_Soft.a E:\CW_Dev\eppc_support\Do_Not_Distribute\zen_fpemu\Src\vle_ppcsfpe.o
  UNUSED   000000 ........ ........    f_itof_go_coerce librt_E200z0_VLE_Soft.a E:\CW_Dev\eppc_support\Do_Not_Distribute\zen_fpemu\Src\vle_ppcsfpe.o
  UNUSED   000006 ........ ........    _f_ulltof librt_E200z0_VLE_Soft.a E:\CW_Dev\eppc_support\Do_Not_Distribute\zen_fpemu\Src\vle_ppcsfpe.o
  UNUSED   00003c ........ ........    _f_lltof librt_E200z0_VLE_Soft.a E:\CW_Dev\eppc_support\Do_Not_Distribute\zen_fpemu\Src\vle_ppcsfpe.o
  UNUSED   000000 ........ ........    f_lltof_common librt_E200z0_VLE_Soft.a E:\CW_Dev\eppc_support\Do_Not_Distribute\zen_fpemu\Src\vle_ppcsfpe.o
  00002a70 000044 00005a70 000031b0 16 _f_qtof 	librt_E200z0_VLE_Soft.a E:\CW_Dev\eppc_support\Do_Not_Distribute\zen_fpemu\Src\vle_ppcsfpe.o
  00002a74 000000 00005a74 000031b4    _d_dtof (entry of _f_qtof) 	librt_E200z0_VLE_Soft.a E:\CW_Dev\eppc_support\Do_Not_Distribute\zen_fpemu\Src\vle_ppcsfpe.o
  UNUSED   000006 ........ ........    _d_utod librt_E200z0_VLE_Soft.a E:\CW_Dev\eppc_support\Do_Not_Distribute\zen_fpemu\Src\vle_ppcsfpe.o
  00002ac0 000012 00005ac0 00003200 16 _d_itod 	librt_E200z0_VLE_Soft.a E:\CW_Dev\eppc_support\Do_Not_Distribute\zen_fpemu\Src\vle_ppcsfpe.o
  UNUSED   000000 ........ ........    d_itod_common librt_E200z0_VLE_Soft.a E:\CW_Dev\eppc_support\Do_Not_Distribute\zen_fpemu\Src\vle_ppcsfpe.o
  UNUSED   000006 ........ ........    _d_ulltod librt_E200z0_VLE_Soft.a E:\CW_Dev\eppc_support\Do_Not_Distribute\zen_fpemu\Src\vle_ppcsfpe.o
  00002ae0 000052 00005ae0 00003220 16 _d_lltod 	librt_E200z0_VLE_Soft.a E:\CW_Dev\eppc_support\Do_Not_Distribute\zen_fpemu\Src\vle_ppcsfpe.o
  00002af0 000000 00005af0 00003230    d_Xtod_common (entry of _d_lltod) 	librt_E200z0_VLE_Soft.a E:\CW_Dev\eppc_support\Do_Not_Distribute\zen_fpemu\Src\vle_ppcsfpe.o
  UNUSED   000000 ........ ........    d_lltod_common librt_E200z0_VLE_Soft.a E:\CW_Dev\eppc_support\Do_Not_Distribute\zen_fpemu\Src\vle_ppcsfpe.o
  UNUSED   000000 ........ ........    d_lltod_go_coerce librt_E200z0_VLE_Soft.a E:\CW_Dev\eppc_support\Do_Not_Distribute\zen_fpemu\Src\vle_ppcsfpe.o
  00002b40 000046 00005b40 00003280 16 _f_ftod 	librt_E200z0_VLE_Soft.a E:\CW_Dev\eppc_support\Do_Not_Distribute\zen_fpemu\Src\vle_ppcsfpe.o
  UNUSED   000000 ........ ........    _f_ftoq librt_E200z0_VLE_Soft.a E:\CW_Dev\eppc_support\Do_Not_Distribute\zen_fpemu\Src\vle_ppcsfpe.o
  UNUSED   000008 ........ ........    _f_ftoll librt_E200z0_VLE_Soft.a E:\CW_Dev\eppc_support\Do_Not_Distribute\zen_fpemu\Src\vle_ppcsfpe.o
  UNUSED   000006 ........ ........    _f_ftoull librt_E200z0_VLE_Soft.a E:\CW_Dev\eppc_support\Do_Not_Distribute\zen_fpemu\Src\vle_ppcsfpe.o
  UNUSED   000006 ........ ........    _f_ftou librt_E200z0_VLE_Soft.a E:\CW_Dev\eppc_support\Do_Not_Distribute\zen_fpemu\Src\vle_ppcsfpe.o
  00002b90 000092 00005b90 000032d0 16 _f_ftoi 	librt_E200z0_VLE_Soft.a E:\CW_Dev\eppc_support\Do_Not_Distribute\zen_fpemu\Src\vle_ppcsfpe.o
  UNUSED   000000 ........ ........    f_toshortX_common librt_E200z0_VLE_Soft.a E:\CW_Dev\eppc_support\Do_Not_Distribute\zen_fpemu\Src\vle_ppcsfpe.o
  00002bac 000000 00005bac 000032ec    Xtoshort_common (entry of _f_ftoi) 	librt_E200z0_VLE_Soft.a E:\CW_Dev\eppc_support\Do_Not_Distribute\zen_fpemu\Src\vle_ppcsfpe.o
  UNUSED   000008 ........ ........    _d_dtoll librt_E200z0_VLE_Soft.a E:\CW_Dev\eppc_support\Do_Not_Distribute\zen_fpemu\Src\vle_ppcsfpe.o
  UNUSED   000006 ........ ........    _d_dtoull librt_E200z0_VLE_Soft.a E:\CW_Dev\eppc_support\Do_Not_Distribute\zen_fpemu\Src\vle_ppcsfpe.o
  UNUSED   000006 ........ ........    _d_dtou librt_E200z0_VLE_Soft.a E:\CW_Dev\eppc_support\Do_Not_Distribute\zen_fpemu\Src\vle_ppcsfpe.o
  00002c30 0000c2 00005c30 00003370 16 _d_dtoi 	librt_E200z0_VLE_Soft.a E:\CW_Dev\eppc_support\Do_Not_Distribute\zen_fpemu\Src\vle_ppcsfpe.o
  UNUSED   000000 ........ ........    d_toshortX_common librt_E200z0_VLE_Soft.a E:\CW_Dev\eppc_support\Do_Not_Distribute\zen_fpemu\Src\vle_ppcsfpe.o
  00002c46 000000 00005c46 00003386    Xtolong_common (entry of _d_dtoi) 	librt_E200z0_VLE_Soft.a E:\CW_Dev\eppc_support\Do_Not_Distribute\zen_fpemu\Src\vle_ppcsfpe.o
  UNUSED   000006 ........ ........    _d_dtoq librt_E200z0_VLE_Soft.a E:\CW_Dev\eppc_support\Do_Not_Distribute\zen_fpemu\Src\vle_ppcsfpe.o
  UNUSED   000006 ........ ........    _d_qtod librt_E200z0_VLE_Soft.a E:\CW_Dev\eppc_support\Do_Not_Distribute\zen_fpemu\Src\vle_ppcsfpe.o
  UNUSED   000006 ........ ........    _f_cmp librt_E200z0_VLE_Soft.a E:\CW_Dev\eppc_support\Do_Not_Distribute\zen_fpemu\Src\vle_ppcsfpe.o
  UNUSED   000006 ........ ........    _f_cmpe librt_E200z0_VLE_Soft.a E:\CW_Dev\eppc_support\Do_Not_Distribute\zen_fpemu\Src\vle_ppcsfpe.o
  UNUSED   000006 ........ ........    _f_feq librt_E200z0_VLE_Soft.a E:\CW_Dev\eppc_support\Do_Not_Distribute\zen_fpemu\Src\vle_ppcsfpe.o
  UNUSED   000006 ........ ........    _f_fne librt_E200z0_VLE_Soft.a E:\CW_Dev\eppc_support\Do_Not_Distribute\zen_fpemu\Src\vle_ppcsfpe.o
  00002d00 000006 00005d00 00003440 16 _f_flt 	librt_E200z0_VLE_Soft.a E:\CW_Dev\eppc_support\Do_Not_Distribute\zen_fpemu\Src\vle_ppcsfpe.o
  UNUSED   000006 ........ ........    _f_fle librt_E200z0_VLE_Soft.a E:\CW_Dev\eppc_support\Do_Not_Distribute\zen_fpemu\Src\vle_ppcsfpe.o
  00002d10 000006 00005d10 00003450 16 _f_fgt 	librt_E200z0_VLE_Soft.a E:\CW_Dev\eppc_support\Do_Not_Distribute\zen_fpemu\Src\vle_ppcsfpe.o
  UNUSED   000006 ........ ........    _f_fge librt_E200z0_VLE_Soft.a E:\CW_Dev\eppc_support\Do_Not_Distribute\zen_fpemu\Src\vle_ppcsfpe.o
  UNUSED   000006 ........ ........    _f_fun librt_E200z0_VLE_Soft.a E:\CW_Dev\eppc_support\Do_Not_Distribute\zen_fpemu\Src\vle_ppcsfpe.o
  00002d20 00003e 00005d20 00003460 16 _f_for 	librt_E200z0_VLE_Soft.a E:\CW_Dev\eppc_support\Do_Not_Distribute\zen_fpemu\Src\vle_ppcsfpe.o
  00002d22 000000 00005d22 00003462    f_compare (entry of _f_for) 	librt_E200z0_VLE_Soft.a E:\CW_Dev\eppc_support\Do_Not_Distribute\zen_fpemu\Src\vle_ppcsfpe.o
  UNUSED   000006 ........ ........    _d_cmp librt_E200z0_VLE_Soft.a E:\CW_Dev\eppc_support\Do_Not_Distribute\zen_fpemu\Src\vle_ppcsfpe.o
  UNUSED   000006 ........ ........    _d_cmpe librt_E200z0_VLE_Soft.a E:\CW_Dev\eppc_support\Do_Not_Distribute\zen_fpemu\Src\vle_ppcsfpe.o
  UNUSED   000006 ........ ........    _d_feq librt_E200z0_VLE_Soft.a E:\CW_Dev\eppc_support\Do_Not_Distribute\zen_fpemu\Src\vle_ppcsfpe.o
  UNUSED   000006 ........ ........    _d_fne librt_E200z0_VLE_Soft.a E:\CW_Dev\eppc_support\Do_Not_Distribute\zen_fpemu\Src\vle_ppcsfpe.o
  UNUSED   000006 ........ ........    _d_flt librt_E200z0_VLE_Soft.a E:\CW_Dev\eppc_support\Do_Not_Distribute\zen_fpemu\Src\vle_ppcsfpe.o
  UNUSED   000006 ........ ........    _d_fle librt_E200z0_VLE_Soft.a E:\CW_Dev\eppc_support\Do_Not_Distribute\zen_fpemu\Src\vle_ppcsfpe.o
  UNUSED   000006 ........ ........    _d_fgt librt_E200z0_VLE_Soft.a E:\CW_Dev\eppc_support\Do_Not_Distribute\zen_fpemu\Src\vle_ppcsfpe.o
  UNUSED   000006 ........ ........    _d_fge librt_E200z0_VLE_Soft.a E:\CW_Dev\eppc_support\Do_Not_Distribute\zen_fpemu\Src\vle_ppcsfpe.o
  UNUSED   000006 ........ ........    _d_fun librt_E200z0_VLE_Soft.a E:\CW_Dev\eppc_support\Do_Not_Distribute\zen_fpemu\Src\vle_ppcsfpe.o
  00002d60 000114 00005d60 000034a0 16 _d_for 	librt_E200z0_VLE_Soft.a E:\CW_Dev\eppc_support\Do_Not_Distribute\zen_fpemu\Src\vle_ppcsfpe.o
  UNUSED   000000 ........ ........    d_compare librt_E200z0_VLE_Soft.a E:\CW_Dev\eppc_support\Do_Not_Distribute\zen_fpemu\Src\vle_ppcsfpe.o
  00002db8 000000 00005db8 000034f8    compare_dispatch (entry of _d_for) 	librt_E200z0_VLE_Soft.a E:\CW_Dev\eppc_support\Do_Not_Distribute\zen_fpemu\Src\vle_ppcsfpe.o
  00002df2 000000 00005df2 00003532    f_compare_un (entry of _d_for) 	librt_E200z0_VLE_Soft.a E:\CW_Dev\eppc_support\Do_Not_Distribute\zen_fpemu\Src\vle_ppcsfpe.o
  UNUSED   000006 ........ ........    _f_neg librt_E200z0_VLE_Soft.a E:\CW_Dev\eppc_support\Do_Not_Distribute\zen_fpemu\Src\vle_ppcsfpe.o
  UNUSED   000000 ........ ........    _d_neg librt_E200z0_VLE_Soft.a E:\CW_Dev\eppc_support\Do_Not_Distribute\zen_fpemu\Src\vle_ppcsfpe.o
  00002e80 000156 00005e80 000035c0 16 _f_mul 	librt_E200z0_VLE_Soft.a E:\CW_Dev\eppc_support\Do_Not_Distribute\zen_fpemu\Src\vle_ppcsfpe.o
  00002eb2 000000 00005eb2 000035f2    f_coerce_result (entry of _f_mul) 	librt_E200z0_VLE_Soft.a E:\CW_Dev\eppc_support\Do_Not_Distribute\zen_fpemu\Src\vle_ppcsfpe.o
  00002eba 000000 00005eba 000035fa    f_coerce_result_precalculated_data (entry of _f_mul) 	librt_E200z0_VLE_Soft.a E:\CW_Dev\eppc_support\Do_Not_Distribute\zen_fpemu\Src\vle_ppcsfpe.o
  00002f62 000000 00005f62 000036a2    f_result_is_INF (entry of _f_mul) 	librt_E200z0_VLE_Soft.a E:\CW_Dev\eppc_support\Do_Not_Distribute\zen_fpemu\Src\vle_ppcsfpe.o
  00002fb0 000000 00005fb0 000036f0    f_result_is_zero (entry of _f_mul) 	librt_E200z0_VLE_Soft.a E:\CW_Dev\eppc_support\Do_Not_Distribute\zen_fpemu\Src\vle_ppcsfpe.o
  00002fba 000000 00005fba 000036fa    f_both_NaNs (entry of _f_mul) 	librt_E200z0_VLE_Soft.a E:\CW_Dev\eppc_support\Do_Not_Distribute\zen_fpemu\Src\vle_ppcsfpe.o
  00002fbe 000000 00005fbe 000036fe    f_x_is_NaN (entry of _f_mul) 	librt_E200z0_VLE_Soft.a E:\CW_Dev\eppc_support\Do_Not_Distribute\zen_fpemu\Src\vle_ppcsfpe.o
  00002fc2 000000 00005fc2 00003702    f_result_is_Invalid (entry of _f_mul) 	librt_E200z0_VLE_Soft.a E:\CW_Dev\eppc_support\Do_Not_Distribute\zen_fpemu\Src\vle_ppcsfpe.o
  00002fcc 000000 00005fcc 0000370c    f_y_is_NaN (entry of _f_mul) 	librt_E200z0_VLE_Soft.a E:\CW_Dev\eppc_support\Do_Not_Distribute\zen_fpemu\Src\vle_ppcsfpe.o
  00002fd2 000000 00005fd2 00003712    f_result_is_x (entry of _f_mul) 	librt_E200z0_VLE_Soft.a E:\CW_Dev\eppc_support\Do_Not_Distribute\zen_fpemu\Src\vle_ppcsfpe.o
  00002fe0 00006a 00005fe0 00003720 16 _f_div 	librt_E200z0_VLE_Soft.a E:\CW_Dev\eppc_support\Do_Not_Distribute\zen_fpemu\Src\vle_ppcsfpe.o
  00003050 000008 00006050 00003790 16 _f_sub 	librt_E200z0_VLE_Soft.a E:\CW_Dev\eppc_support\Do_Not_Distribute\zen_fpemu\Src\vle_ppcsfpe.o
  00003060 000116 00006060 000037a0 16 _f_add 	librt_E200z0_VLE_Soft.a E:\CW_Dev\eppc_support\Do_Not_Distribute\zen_fpemu\Src\vle_ppcsfpe.o
  00003062 000000 00006062 000037a2    f_add_common (entry of _f_add) 	librt_E200z0_VLE_Soft.a E:\CW_Dev\eppc_support\Do_Not_Distribute\zen_fpemu\Src\vle_ppcsfpe.o
  00003180 000008 00006180 000038c0 16 _d_sub 	librt_E200z0_VLE_Soft.a E:\CW_Dev\eppc_support\Do_Not_Distribute\zen_fpemu\Src\vle_ppcsfpe.o
  00003190 00018a 00006190 000038d0 16 _d_add 	librt_E200z0_VLE_Soft.a E:\CW_Dev\eppc_support\Do_Not_Distribute\zen_fpemu\Src\vle_ppcsfpe.o
  00003192 000000 00006192 000038d2    d_add_common (entry of _d_add) 	librt_E200z0_VLE_Soft.a E:\CW_Dev\eppc_support\Do_Not_Distribute\zen_fpemu\Src\vle_ppcsfpe.o
  00003320 0001ee 00006320 00003a60 16 _d_mul 	librt_E200z0_VLE_Soft.a E:\CW_Dev\eppc_support\Do_Not_Distribute\zen_fpemu\Src\vle_ppcsfpe.o
  00003388 000000 00006388 00003ac8    d_coerce_result_prepare (entry of _d_mul) 	librt_E200z0_VLE_Soft.a E:\CW_Dev\eppc_support\Do_Not_Distribute\zen_fpemu\Src\vle_ppcsfpe.o
  0000338c 000000 0000638c 00003acc    d_coerce_result (entry of _d_mul) 	librt_E200z0_VLE_Soft.a E:\CW_Dev\eppc_support\Do_Not_Distribute\zen_fpemu\Src\vle_ppcsfpe.o
  00003390 000000 00006390 00003ad0    d_coerce_result_precalculated_data (entry of _d_mul) 	librt_E200z0_VLE_Soft.a E:\CW_Dev\eppc_support\Do_Not_Distribute\zen_fpemu\Src\vle_ppcsfpe.o
  00003456 000000 00006456 00003b96    d_double_result_and_exit (entry of _d_mul) 	librt_E200z0_VLE_Soft.a E:\CW_Dev\eppc_support\Do_Not_Distribute\zen_fpemu\Src\vle_ppcsfpe.o
  00003462 000000 00006462 00003ba2    d_result_is_INF (entry of _d_mul) 	librt_E200z0_VLE_Soft.a E:\CW_Dev\eppc_support\Do_Not_Distribute\zen_fpemu\Src\vle_ppcsfpe.o
  000034b4 000000 000064b4 00003bf4    d_result_is_zero (entry of _d_mul) 	librt_E200z0_VLE_Soft.a E:\CW_Dev\eppc_support\Do_Not_Distribute\zen_fpemu\Src\vle_ppcsfpe.o
  000034c0 000000 000064c0 00003c00    d_both_NaNs (entry of _d_mul) 	librt_E200z0_VLE_Soft.a E:\CW_Dev\eppc_support\Do_Not_Distribute\zen_fpemu\Src\vle_ppcsfpe.o
  000034c6 000000 000064c6 00003c06    d_x_is_NaN (entry of _d_mul) 	librt_E200z0_VLE_Soft.a E:\CW_Dev\eppc_support\Do_Not_Distribute\zen_fpemu\Src\vle_ppcsfpe.o
  000034cc 000000 000064cc 00003c0c    d_result_is_Invalid (entry of _d_mul) 	librt_E200z0_VLE_Soft.a E:\CW_Dev\eppc_support\Do_Not_Distribute\zen_fpemu\Src\vle_ppcsfpe.o
  000034d8 000000 000064d8 00003c18    d_y_is_NaN (entry of _d_mul) 	librt_E200z0_VLE_Soft.a E:\CW_Dev\eppc_support\Do_Not_Distribute\zen_fpemu\Src\vle_ppcsfpe.o
  000034f4 000000 000064f4 00003c34    d_result_is_x (entry of _d_mul) 	librt_E200z0_VLE_Soft.a E:\CW_Dev\eppc_support\Do_Not_Distribute\zen_fpemu\Src\vle_ppcsfpe.o
  000034f6 000000 000064f6 00003c36    d_result_is_number_x (entry of _d_mul) 	librt_E200z0_VLE_Soft.a E:\CW_Dev\eppc_support\Do_Not_Distribute\zen_fpemu\Src\vle_ppcsfpe.o
  00003510 0000a2 00006510 00003c50 16 divu_l_r3_r4_r5 	librt_E200z0_VLE_Soft.a E:\CW_Dev\eppc_support\Do_Not_Distribute\zen_fpemu\Src\vle_ppcsfpe.o
  000035c0 00010a 000065c0 00003d00 16 _d_div 	librt_E200z0_VLE_Soft.a E:\CW_Dev\eppc_support\Do_Not_Distribute\zen_fpemu\Src\vle_ppcsfpe.o
  000036d0 00009a 000066d0 00003e10 16 f_unpack_1 	librt_E200z0_VLE_Soft.a E:\CW_Dev\eppc_support\Do_Not_Distribute\zen_fpemu\Src\vle_ppcsfpe.o
  000036d8 000000 000066d8 00003e18    f_unpack_2 (entry of f_unpack_1) 	librt_E200z0_VLE_Soft.a E:\CW_Dev\eppc_support\Do_Not_Distribute\zen_fpemu\Src\vle_ppcsfpe.o
  00003770 0000f6 00006770 00003eb0 16 d_unpack_1 	librt_E200z0_VLE_Soft.a E:\CW_Dev\eppc_support\Do_Not_Distribute\zen_fpemu\Src\vle_ppcsfpe.o
  00003778 000000 00006778 00003eb8    d_unpack_2 (entry of d_unpack_1) 	librt_E200z0_VLE_Soft.a E:\CW_Dev\eppc_support\Do_Not_Distribute\zen_fpemu\Src\vle_ppcsfpe.o
  00003870 00002e 00006870 00003fb0 16 load_rounding_0x2000 	librt_E200z0_VLE_Soft.a E:\CW_Dev\eppc_support\Do_Not_Distribute\zen_fpemu\Src\vle_ppcsfpe.o
  00003874 000000 00006874 00003fb4    load_rounding_0x0200 (entry of load_rounding_0x2000) 	librt_E200z0_VLE_Soft.a E:\CW_Dev\eppc_support\Do_Not_Distribute\zen_fpemu\Src\vle_ppcsfpe.o
  00003878 000000 00006878 00003fb8    load_rounding_0x1200 (entry of load_rounding_0x2000) 	librt_E200z0_VLE_Soft.a E:\CW_Dev\eppc_support\Do_Not_Distribute\zen_fpemu\Src\vle_ppcsfpe.o
  0000387c 000000 0000687c 00003fbc    load_rounding_0x0a00 (entry of load_rounding_0x2000) 	librt_E200z0_VLE_Soft.a E:\CW_Dev\eppc_support\Do_Not_Distribute\zen_fpemu\Src\vle_ppcsfpe.o
  00003882 000000 00006882 00003fc2    load_rounding_cr_simple (entry of load_rounding_0x2000) 	librt_E200z0_VLE_Soft.a E:\CW_Dev\eppc_support\Do_Not_Distribute\zen_fpemu\Src\vle_ppcsfpe.o
  00003884 000000 00006884 00003fc4    load_rounding_cr (entry of load_rounding_0x2000) 	librt_E200z0_VLE_Soft.a E:\CW_Dev\eppc_support\Do_Not_Distribute\zen_fpemu\Src\vle_ppcsfpe.o
  000038a0 000016 000068a0 00003fe0 16 proloque 	librt_E200z0_VLE_Soft.a E:\CW_Dev\eppc_support\Do_Not_Distribute\zen_fpemu\Src\vle_ppcsfpe.o
  000038aa 000000 000068aa 00003fea    epiloque (entry of proloque) 	librt_E200z0_VLE_Soft.a E:\CW_Dev\eppc_support\Do_Not_Distribute\zen_fpemu\Src\vle_ppcsfpe.o


.rodata section layout
  Starting        Virtual  File
  address  Size   address  offset
  ---------------------------------
  00000000 00000c 000068b8 00003ff8  1 .rodata 	__ppc_eabi_init_c.obj 
  00000000 00000c 000068b8 00003ff8  4 @22 	__ppc_eabi_init_c.obj 
  0000000c 000004 000068c8 00004008  8 *fill*
  00000010 0005f0 000068c8 00004008  1 .rodata 	oled_c.obj 
  UNUSED   000228 ........ ........    F6x8 oled_c.obj 
  00000010 0005f0 000068c8 00004008  8 F8X16 	oled_c.obj 


.ctors section layout
  Starting        Virtual  File
  address  Size   address  offset
  ---------------------------------


.dtors section layout
  Starting        Virtual  File
  address  Size   address  offset
  ---------------------------------


extab section layout
  Starting        Virtual  File
  address  Size   address  offset
  ---------------------------------


extabindex section layout
  Starting        Virtual  File
  address  Size   address  offset
  ---------------------------------


.__uninitialized_intc_handlertable section layout
  Starting        Virtual  File
  address  Size   address  offset
  ---------------------------------
  00000000 000348 40000000 00004800  1 .__uninitialized_intc_handlertable 	IntcInterrupts_c.obj 
  00000000 000348 40000000 00004800  8 INTCInterruptsHandlerTable 	IntcInterrupts_c.obj 


.data section layout
  Starting        Virtual  File
  address  Size   address  offset
  ---------------------------------
  00000000 0001b8 40000348 00004800  1 .data 	distance_c.obj 
  00000000 000190 40000348 00004800  8 x_save 	distance_c.obj 
  00000190 000028 400004d8 00004990  8 fir 	distance_c.obj 


.sdata section layout
  Starting        Virtual  File
  address  Size   address  offset
  ---------------------------------
  00000000 000004 40000500 000049b8  1 .sdata 	ssw_c.obj 
  00000000 000004 40000500 000049b8  4 safe_distance 	ssw_c.obj 
  00000004 000004 40000508 000049c0  8 *fill*
  00000008 000002 40000508 000049c0  1 .sdata 	main_c.obj 
  00000008 000001 40000508 000049c0  1 ADC_Flag 	main_c.obj 
  00000009 000001 40000509 000049c1  1 Press_Flag 	main_c.obj 
  0000000a 000006 40000510 000049c8  8 *fill*
  00000010 00000e 40000510 000049c8  1 .sdata 	distance_c.obj 
  00000010 000001 40000510 000049c8  1 auscircle_flag 	distance_c.obj 
  00000014 000004 40000514 000049cc  4 Circle_L_Set_Up 	distance_c.obj 
  00000018 000004 40000518 000049d0  4 Circle_L_Set_Down 	distance_c.obj 
  0000001c 000001 4000051c 000049d4  1 start 	distance_c.obj 
  0000001d 000001 4000051d 000049d5  1 stop_active 	distance_c.obj 
  0000001e 000002 40000520 000049d8  8 *fill*
  00000020 00005c 40000520 000049d8  1 .sdata 	control_c.obj 
  UNUSED   000004 ........ ........    Dir_Ratio control_c.obj 
  00000020 000004 40000520 000049d8  4 K 	control_c.obj 
  00000024 000004 40000524 000049dc  4 K_S 	control_c.obj 
  00000028 000004 40000528 000049e0  4 I_S 	control_c.obj 
  0000002c 000004 4000052c 000049e4  4 D_S 	control_c.obj 
  00000030 000004 40000530 000049e8  4 d_a 	control_c.obj 
  00000034 000004 40000534 000049ec  4 p_5 	control_c.obj 
  00000038 000004 40000538 000049f0  4 p_10 	control_c.obj 
  0000003c 000004 4000053c 000049f4  4 p_15 	control_c.obj 
  00000040 000004 40000540 000049f8  4 p_20 	control_c.obj 
  00000044 000004 40000544 000049fc  4 d_5 	control_c.obj 
  00000048 000004 40000548 00004a00  4 d_10 	control_c.obj 
  0000004c 000004 4000054c 00004a04  4 d_15 	control_c.obj 
  00000050 000004 40000550 00004a08  4 d_20 	control_c.obj 
  00000054 000004 40000554 00004a0c  4 s 	control_c.obj 
  00000058 000004 40000558 00004a10  4 PWM_Set 	control_c.obj 
  0000005c 000004 4000055c 00004a14  4 PWM_10 	control_c.obj 
  00000060 000004 40000560 00004a18  4 PWM_15 	control_c.obj 
  00000064 000004 40000564 00004a1c  4 PWM_20 	control_c.obj 
  00000068 000004 40000568 00004a20  4 PWM_Idle 	control_c.obj 
  0000006c 000004 4000056c 00004a24  4 EventCount 	control_c.obj 
  00000070 000004 40000570 00004a28  4 stop_time 	control_c.obj 
  00000074 000004 40000574 00004a2c  4 Set_Steer_Dead 	control_c.obj 
  00000078 000004 40000578 00004a30  4 steer_mid 	control_c.obj 
  0000007c 000004 40000580 00004a38  8 *fill*
  00000080 000001 40000580 00004a38  1 .sdata 	HCI_c.obj 
  00000080 000001 40000580 00004a38  1 Page 	HCI_c.obj 


.sbss section layout
  Starting        Virtual  File
  address  Size   address  offset
  ---------------------------------
  00000000 000013 40000588 00004a40  1 .sbss 	ssw_c.obj 
  00000000 000004 40000588 00004a40  4 time1 	ssw_c.obj 
  00000004 000004 4000058c 00004a44  4 time2 	ssw_c.obj 
  00000008 000004 40000590 00004a48  4 time_delta 	ssw_c.obj 
  0000000c 000004 40000594 00004a4c  4 time_delta_old 	ssw_c.obj 
  00000010 000001 40000598 00004a50  1 out_of_sight 	ssw_c.obj 
  00000011 000001 40000599 00004a51  1 BT_active 	ssw_c.obj 
  00000012 000001 4000059a 00004a52  1 Slowdown 	ssw_c.obj 
  00000013 000005 400005a0 00004a58  8 *fill*
  00000018 000003 400005a0 00004a58  1 .sbss 	main_c.obj 
  00000018 000001 400005a0 00004a58  1 SpeedControl_Flag 	main_c.obj 
  00000019 000001 400005a1 00004a59  1 DirectionControl_Flag 	main_c.obj 
  0000001a 000001 400005a2 00004a5a  1 BlueTooth_Flag 	main_c.obj 
  0000001b 000005 400005a8 00004a60  8 *fill*
  00000020 000014 400005a8 00004a60  1 .sbss 	distance_c.obj 
  00000020 000001 400005a8 00004a60  1 aus_flag 	distance_c.obj 
  00000021 000001 400005a9 00004a61  1 Ausflag 	distance_c.obj 
  00000022 000001 400005aa 00004a62  1 circle_flag 	distance_c.obj 
  00000024 000004 400005ac 00004a64  4 x 	distance_c.obj 
  00000028 000004 400005b0 00004a68  4 max 	distance_c.obj 
  UNUSED   000004 ........ ........    min distance_c.obj 
  0000002c 000001 400005b4 00004a6c  1 stop 	distance_c.obj 
  00000030 000004 400005b8 00004a70  4 X 	distance_c.obj 
  00000034 000004 400005c0 00004a78  8 *fill*
  00000038 000004 400005c0 00004a78  1 .sbss 	counter_c.obj 
  00000038 000004 400005c0 00004a78  4 lastcount 	counter_c.obj 
  0000003c 000004 400005c8 00004a80  8 *fill*
  00000040 00002c 400005c8 00004a80  1 .sbss 	control_c.obj 
  00000040 000004 400005c8 00004a80  4 currentspeed 	control_c.obj 
  UNUSED   000004 ........ ........    currentx control_c.obj 
  00000044 000004 400005cc 00004a84  4 ud_old 	control_c.obj 
  UNUSED   000004 ........ ........    udd control_c.obj 
  00000048 000004 400005d0 00004a88  4 SpeedSet 	control_c.obj 
  0000004c 000004 400005d4 00004a8c  4 DirectionControl 	control_c.obj 
  UNUSED   000004 ........ ........    Last_DirControl control_c.obj 
  00000050 000004 400005d8 00004a90  4 SpeedControl 	control_c.obj 
  UNUSED   000001 ........ ........    mark control_c.obj 
  00000054 000004 400005dc 00004a94  4 time 	control_c.obj 
  00000058 000004 400005e0 00004a98  4 auto_restart_time 	control_c.obj 
  0000005c 000001 400005e4 00004a9c  1 Adjust_circle 	control_c.obj 
  00000060 000004 400005e8 00004aa0  4 A_D_DIRECTION 	control_c.obj 
  00000064 000004 400005ec 00004aa4  4 A_P_DIRECTION 	control_c.obj 
  00000068 000004 400005f0 00004aa8  4 ud 	control_c.obj 
  0000006c 000004 400005f8 00004ab0  8 *fill*
  00000070 000001 400005f8 00004ab0  1 .sbss 	blue tooth_c.obj 
  00000070 000001 400005f8 00004ab0  1 state 	blue tooth_c.obj 
  00000071 000007 40000600 00004ab8  8 *fill*
  00000078 000001 40000600 00004ab8  1 .sbss 	HCI_c.obj 
  00000078 000001 40000600 00004ab8  1 Itm 	HCI_c.obj 
  00000079 000007 40000608 00004ac0  8 *fill*
  00000080 000020 40000608 00004ac0  1 .sbss 	ADC_c.obj 
  00000080 000004 40000608 00004ac0  4 L1 	ADC_c.obj 
  00000084 000004 4000060c 00004ac4  4 L2 	ADC_c.obj 
  00000088 000004 40000610 00004ac8  4 L3 	ADC_c.obj 
  0000008c 000004 40000614 00004acc  4 L4 	ADC_c.obj 
  00000090 000004 40000618 00004ad0  4 L5 	ADC_c.obj 
  00000094 000004 4000061c 00004ad4  4 L6 	ADC_c.obj 
  00000098 000004 40000620 00004ad8  4 L7 	ADC_c.obj 
  0000009c 000004 40000624 00004adc  4 L8 	ADC_c.obj 
  000000a0 000008 40000628 00004ae0  1 .sbss 	libc_E200z0_VLE_Soft.a D:\w\EPPC\workspace_codegen\ewl\EWL_C\EWL_C.PA_CmdLineData\libc_E200z0_VLE_Soft\obj\abort_exit.o
  UNUSED   000004 ........ ........    __atexit_curr_func_C libc_E200z0_VLE_Soft.a D:\w\EPPC\workspace_codegen\ewl\EWL_C\EWL_C.PA_CmdLineData\libc_E200z0_VLE_Soft\obj\abort_exit.o
  000000a0 000004 40000628 00004ae0  4 __stdio_exit 	libc_E200z0_VLE_Soft.a D:\w\EPPC\workspace_codegen\ewl\EWL_C\EWL_C.PA_CmdLineData\libc_E200z0_VLE_Soft\obj\abort_exit.o
  000000a4 000004 4000062c 00004ae4  4 __console_exit 	libc_E200z0_VLE_Soft.a D:\w\EPPC\workspace_codegen\ewl\EWL_C\EWL_C.PA_CmdLineData\libc_E200z0_VLE_Soft\obj\abort_exit.o
  000000a8 000004 40000630 00004ae8  1 .sbss 	librt_E200z0_VLE_Soft.a D:\w\EPPC\workspace_codegen\ewl\EWL_Runtime\Runtime_PA_CmdLineData\librt_E200z0_VLE_Soft\obj\global_destructor_chain.o
  UNUSED   000004 ........ ........    atexit_curr_func librt_E200z0_VLE_Soft.a D:\w\EPPC\workspace_codegen\ewl\EWL_Runtime\Runtime_PA_CmdLineData\librt_E200z0_VLE_Soft\obj\global_destructor_chain.o
  000000a8 000004 40000630 00004ae8  4 __global_destructor_chain 	librt_E200z0_VLE_Soft.a D:\w\EPPC\workspace_codegen\ewl\EWL_Runtime\Runtime_PA_CmdLineData\librt_E200z0_VLE_Soft\obj\global_destructor_chain.o


.sdata2 section layout
  Starting        Virtual  File
  address  Size   address  offset
  ---------------------------------


.sbss2 section layout
  Starting        Virtual  File
  address  Size   address  offset
  ---------------------------------


.bss section layout
  Starting        Virtual  File
  address  Size   address  offset
  ---------------------------------
  00000000 000138 40000638 00004a40  1 .bss 	distance_c.obj 
  00000000 00001c 40000638 00004a40  4 l 	distance_c.obj 
  00000020 000118 40000658 00004a60  8 L 	distance_c.obj 
  00000138 000028 40000770 00004b78  1 .bss 	control_c.obj 
  00000138 000028 40000770 00004b78  8 error 	control_c.obj 
  00000160 000004 40000798 00004ba0  1 .bss 	librt_E200z0_VLE_Soft.a E:\CW_Dev\eppc_support\Do_Not_Distribute\zen_fpemu\Src\vle_ppcsfpe.o
  00000160 000004 40000798 00004ba0  4 __SoftFPSCR 	librt_E200z0_VLE_Soft.a E:\CW_Dev\eppc_support\Do_Not_Distribute\zen_fpemu\Src\vle_ppcsfpe.o


Memory map:
                       Starting Size     File     ROM      RAM Buffer  S-Record
                       address           Offset   Address  Address     Line
       .__bam_bootarea 00000000 00000008 000002e0 00000000 00000000          2
                 .init 00000008 00000098 000002e8 00000008 00000008          3
             .init_vle 000000a0 0000020c 00000380 000000a0 000000a0         11
    .ivor_branch_table 00001000 000000f4 00000590 00001000 00001000         38
  .intc_hw_branch_table 000010f4 00000000 00000800 000010f4 000010f4          0
  .__exception_handlers 00001100 000000a4 00000690 00001100 00001100         51
             .text_vle 00003000 000038b8 00000740 00003000 00003000         60
               .rodata 000068b8 00000600 00003ff8 000068b8 000068b8        786
                .ctors 00006eb8 00000000 000045f8 00006eb8 00006eb8          0
                .dtors 00006eb8 00000000 000045f8 00006eb8 00006eb8          0
                 extab 00006eb8 00000000 000045f8 00006eb8 00006eb8          0
            extabindex 00006eb8 00000000 000045f8 00006eb8 00006eb8          0
  .__uninitialized_intc_handlertable 40000000 00000348 00004800 00007000 00007000          0
                 .data 40000348 000001b8 00004800 00007000 00007000        863
                .sdata 40000500 00000084 000049b8 000071b8 000071b8        885
                 .sbss 40000588 000000ac 00004a40 00007240 00007240          0
               .sdata2 40000634 00000000 00004a40 00007240 00007240          0
                .sbss2 40000634 00000000 00004a40 00007240 00007240          0
                  .bss 40000638 00000164 00004a40 00007240 00007240          0
      .PPC.EMB.apuinfo 0000d658 00000000 000120a0 00014898 00014898          0
         .debug_abbrev          00000129 00004a40
           .debug_info          00003273 00004b69
           .debug_line          00006522 00007ddc
            .debug_loc          00000948 0000e2fe
       .debug_pubnames          00000a88 0000ec46


Linker generated symbols:
       EXCEPTION_HANDLERS 00001000
          L2SRAM_LOCATION 40000000
               L2SRAM_CNT 00000180
        _f___bam_bootarea 00000000
    _f___bam_bootarea_rom 00000000
        _e___bam_bootarea 00000008
                  _f_init 00000008
              _f_init_rom 00000008
                  _e_init 000000a0
              _f_init_vle 000000a0
          _f_init_vle_rom 000000a0
              _e_init_vle 000002ac
     _f_ivor_branch_table 00001000
 _f_ivor_branch_table_rom 00001000
     _e_ivor_branch_table 000010f4
  _f_intc_hw_branch_table 000010f4
_f_intc_hw_branch_table_rom 000010f4
  _e_intc_hw_branch_table 000010f4
  _f___exception_handlers 00001100
_f___exception_handlers_rom 00001100
  _e___exception_handlers 000011a4
                  _f_text 00003000
              _f_text_rom 00003000
                  _e_text 00003000
              _f_text_vle 00003000
          _f_text_vle_rom 00003000
              _e_text_vle 000068b8
                _f_rodata 000068b8
            _f_rodata_rom 000068b8
                _e_rodata 00006eb8
                 _f_ctors 00006eb8
             _f_ctors_rom 00006eb8
                 _e_ctors 00006eb8
                 _f_dtors 00006eb8
             _f_dtors_rom 00006eb8
                 _e_dtors 00006eb8
                  _fextab 00006eb8
              _fextab_rom 00006eb8
                  _eextab 00006eb8
             _fextabindex 00006eb8
         _fextabindex_rom 00006eb8
             _eextabindex 00006eb8
_f___uninitialized_intc_handlertable 40000000
_e___uninitialized_intc_handlertable 40000348
                  _f_data 40000348
              _f_data_rom 00007000
                  _e_data 40000500
                 _f_sdata 40000500
             _f_sdata_rom 000071b8
                 _e_sdata 40000584
                  _f_sbss 40000588
                  _e_sbss 40000634
                _f_sdata2 40000634
            _f_sdata2_rom 00007240
                _e_sdata2 40000634
                 _f_sbss2 40000634
                 _e_sbss2 40000634
                   _f_bss 40000638
                   _e_bss 4000079c
              _stack_addr 4000c000
               _stack_end 4000b000
               _heap_addr 4000a000
                _heap_end 4000b000
             _nbfunctions 0000005b
           SIZEOF_HEADERS 000002e0
               _SDA_BASE_ 40008500
              _SDA2_BASE_ 40008634
           _ABS_SDA_BASE_ 40008500
          _ABS_SDA2_BASE_ 40008634
                 _SP_INIT 4000c000
             __HEAP_START 4000a000
              __mem_limit 4000b000
           __stack_safety 00000010
